buffalogs/authentication/serializers.py:29:80: E501 line too long (82 > 79 characters)
buffalogs/authentication/serializers.py:50:80: E501 line too long (87 > 79 characters)
buffalogs/authentication/serializers.py:69:80: E501 line too long (86 > 79 characters)
buffalogs/buffalogs/settings/__init__.py:1:1: F403 'from .certego import *' used; unable to detect undefined names
buffalogs/buffalogs/settings/__init__.py:1:1: F401 '.certego.*' imported but unused
buffalogs/buffalogs/settings/__init__.py:2:1: F403 'from .settings import *' used; unable to detect undefined names
buffalogs/buffalogs/settings/__init__.py:2:1: F401 '.settings.*' imported but unused
buffalogs/buffalogs/settings/certego.py:14:80: E501 line too long (84 > 79 characters)
buffalogs/buffalogs/settings/certego.py:21:80: E501 line too long (83 > 79 characters)
buffalogs/buffalogs/settings/certego.py:75:80: E501 line too long (83 > 79 characters)
buffalogs/buffalogs/settings/settings.py:20:1: F403 'from .certego import *' used; unable to detect undefined names
buffalogs/buffalogs/settings/settings.py:27:14: F405 'CERTEGO_BUFFALOGS_SECRET_KEY' may be undefined, or defined from star imports: .certego
buffalogs/buffalogs/settings/settings.py:85:80: E501 line too long (91 > 79 characters)
buffalogs/buffalogs/settings/settings.py:98:38: F405 'CERTEGO_BUFFALOGS_LOG_PATH' may be undefined, or defined from star imports: .certego
buffalogs/buffalogs/settings/settings.py:105:80: E501 line too long (86 > 79 characters)
buffalogs/buffalogs/settings/settings.py:142:17: F405 'CERTEGO_BUFFALOGS_POSTGRES_DB' may be undefined, or defined from star imports: .certego
buffalogs/buffalogs/settings/settings.py:143:17: F405 'CERTEGO_BUFFALOGS_POSTGRES_USER' may be undefined, or defined from star imports: .certego
buffalogs/buffalogs/settings/settings.py:144:21: F405 'CERTEGO_BUFFALOGS_POSTGRES_PASSWORD' may be undefined, or defined from star imports: .certego
buffalogs/buffalogs/settings/settings.py:145:17: F405 'CERTEGO_BUFFALOGS_DB_HOSTNAME' may be undefined, or defined from star imports: .certego
buffalogs/buffalogs/settings/settings.py:146:17: F405 'CERTEGO_BUFFALOGS_POSTGRES_PORT' may be undefined, or defined from star imports: .certego
buffalogs/buffalogs/settings/settings.py:154:80: E501 line too long (91 > 79 characters)
buffalogs/buffalogs/settings/settings.py:157:80: E501 line too long (81 > 79 characters)
buffalogs/buffalogs/settings/settings.py:160:80: E501 line too long (82 > 79 characters)
buffalogs/buffalogs/settings/settings.py:163:80: E501 line too long (83 > 79 characters)
buffalogs/buffalogs/settings/settings.py:184:15: F405 'CERTEGO_BUFFALOGS_STATIC_ROOT' may be undefined, or defined from star imports: .certego
buffalogs/buffalogs/settings/settings.py:201:80: E501 line too long (81 > 79 characters)
buffalogs/buffalogs/settings/settings.py:225:21: F405 'CERTEGO_BUFFALOGS_RABBITMQ_URI' may be undefined, or defined from star imports: .certego
buffalogs/buffalogs/settings/settings.py:238:80: E501 line too long (81 > 79 characters)
buffalogs/buffalogs/urls.py:13:80: E501 line too long (82 > 79 characters)
buffalogs/buffalogs/urls.py:15:80: E501 line too long (86 > 79 characters)
buffalogs/buffalogs/urls.py:29:80: E501 line too long (83 > 79 characters)
buffalogs/buffalogs/urls.py:32:80: E501 line too long (87 > 79 characters)
buffalogs/buffalogs/urls.py:80:80: E501 line too long (86 > 79 characters)
buffalogs/buffalogs/urls.py:105:80: E501 line too long (87 > 79 characters)
buffalogs/impossible_travel/admin.py:13:80: E501 line too long (86 > 79 characters)
buffalogs/impossible_travel/admin.py:49:80: E501 line too long (82 > 79 characters)
buffalogs/impossible_travel/admin.py:57:80: E501 line too long (83 > 79 characters)
buffalogs/impossible_travel/admin.py:68:80: E501 line too long (90 > 79 characters)
buffalogs/impossible_travel/admin.py:130:80: E501 line too long (86 > 79 characters)
buffalogs/impossible_travel/admin.py:221:80: E501 line too long (82 > 79 characters)
buffalogs/impossible_travel/alerting/alert_factory.py:12:80: E501 line too long (86 > 79 characters)
buffalogs/impossible_travel/alerting/alert_factory.py:27:80: E501 line too long (80 > 79 characters)
buffalogs/impossible_travel/alerting/alert_factory.py:36:80: E501 line too long (81 > 79 characters)
buffalogs/impossible_travel/alerting/alert_factory.py:45:80: E501 line too long (87 > 79 characters)
buffalogs/impossible_travel/alerting/alert_factory.py:46:80: E501 line too long (82 > 79 characters)
buffalogs/impossible_travel/alerting/alert_factory.py:48:80: E501 line too long (81 > 79 characters)
buffalogs/impossible_travel/alerting/alert_factory.py:63:80: E501 line too long (82 > 79 characters)
buffalogs/impossible_travel/alerting/alert_factory.py:71:80: E501 line too long (80 > 79 characters)
buffalogs/impossible_travel/alerting/base_alerting.py:32:80: E501 line too long (80 > 79 characters)
buffalogs/impossible_travel/alerting/base_alerting.py:63:80: E501 line too long (82 > 79 characters)
buffalogs/impossible_travel/alerting/discord_alerting.py:36:80: E501 line too long (87 > 79 characters)
buffalogs/impossible_travel/alerting/discord_alerting.py:39:80: E501 line too long (80 > 79 characters)
buffalogs/impossible_travel/alerting/discord_alerting.py:60:80: E501 line too long (81 > 79 characters)
buffalogs/impossible_travel/alerting/discord_alerting.py:78:80: E501 line too long (87 > 79 characters)
buffalogs/impossible_travel/alerting/discord_alerting.py:80:80: E501 line too long (83 > 79 characters)
buffalogs/impossible_travel/alerting/discord_alerting.py:87:80: E501 line too long (88 > 79 characters)
buffalogs/impossible_travel/alerting/discord_alerting.py:129:80: E501 line too long (82 > 79 characters)
buffalogs/impossible_travel/alerting/discord_alerting.py:136:80: E501 line too long (84 > 79 characters)
buffalogs/impossible_travel/alerting/dummy_alerting.py:16:80: E501 line too long (86 > 79 characters)
buffalogs/impossible_travel/alerting/dummy_alerting.py:24:80: E501 line too long (82 > 79 characters)
buffalogs/impossible_travel/alerting/email_alerting.py:28:80: E501 line too long (88 > 79 characters)
buffalogs/impossible_travel/alerting/email_alerting.py:29:80: E501 line too long (87 > 79 characters)
buffalogs/impossible_travel/alerting/email_alerting.py:40:80: E501 line too long (80 > 79 characters)
buffalogs/impossible_travel/alerting/email_alerting.py:53:80: E501 line too long (80 > 79 characters)
buffalogs/impossible_travel/alerting/email_alerting.py:66:80: E501 line too long (81 > 79 characters)
buffalogs/impossible_travel/alerting/email_alerting.py:85:80: E501 line too long (85 > 79 characters)
buffalogs/impossible_travel/alerting/email_alerting.py:87:80: E501 line too long (81 > 79 characters)
buffalogs/impossible_travel/alerting/email_alerting.py:94:80: E501 line too long (82 > 79 characters)
buffalogs/impossible_travel/alerting/email_alerting.py:98:80: E501 line too long (88 > 79 characters)
buffalogs/impossible_travel/alerting/email_alerting.py:116:80: E501 line too long (89 > 79 characters)
buffalogs/impossible_travel/alerting/email_alerting.py:125:80: E501 line too long (82 > 79 characters)
buffalogs/impossible_travel/alerting/email_alerting.py:138:80: E501 line too long (113 > 79 characters)
buffalogs/impossible_travel/alerting/email_alerting.py:164:80: E501 line too long (98 > 79 characters)
buffalogs/impossible_travel/alerting/email_alerting.py:171:80: E501 line too long (82 > 79 characters)
buffalogs/impossible_travel/alerting/googlechat_alerting.py:32:80: E501 line too long (87 > 79 characters)
buffalogs/impossible_travel/alerting/googlechat_alerting.py:35:80: E501 line too long (80 > 79 characters)
buffalogs/impossible_travel/alerting/googlechat_alerting.py:42:80: E501 line too long (85 > 79 characters)
buffalogs/impossible_travel/alerting/googlechat_alerting.py:53:80: E501 line too long (81 > 79 characters)
buffalogs/impossible_travel/alerting/googlechat_alerting.py:75:80: E501 line too long (86 > 79 characters)
buffalogs/impossible_travel/alerting/googlechat_alerting.py:125:80: E501 line too long (85 > 79 characters)
buffalogs/impossible_travel/alerting/googlechat_alerting.py:132:80: E501 line too long (87 > 79 characters)
buffalogs/impossible_travel/alerting/http_request.py:34:80: E501 line too long (99 > 79 characters)
buffalogs/impossible_travel/alerting/http_request.py:35:80: E501 line too long (101 > 79 characters)
buffalogs/impossible_travel/alerting/http_request.py:38:80: E501 line too long (85 > 79 characters)
buffalogs/impossible_travel/alerting/http_request.py:39:80: E501 line too long (85 > 79 characters)
buffalogs/impossible_travel/alerting/http_request.py:41:80: E501 line too long (126 > 79 characters)
buffalogs/impossible_travel/alerting/http_request.py:44:80: E501 line too long (87 > 79 characters)
buffalogs/impossible_travel/alerting/http_request.py:45:80: E501 line too long (102 > 79 characters)
buffalogs/impossible_travel/alerting/http_request.py:49:80: E501 line too long (84 > 79 characters)
buffalogs/impossible_travel/alerting/http_request.py:59:80: E501 line too long (81 > 79 characters)
buffalogs/impossible_travel/alerting/http_request.py:81:80: E501 line too long (112 > 79 characters)
buffalogs/impossible_travel/alerting/http_request.py:82:80: E501 line too long (94 > 79 characters)
buffalogs/impossible_travel/alerting/http_request.py:87:80: E501 line too long (87 > 79 characters)
buffalogs/impossible_travel/alerting/http_request.py:137:26: E203 whitespace before ':'
buffalogs/impossible_travel/alerting/http_request.py:204:80: E501 line too long (81 > 79 characters)
buffalogs/impossible_travel/alerting/http_request.py:217:80: E501 line too long (81 > 79 characters)
buffalogs/impossible_travel/alerting/http_request.py:225:80: E501 line too long (105 > 79 characters)
buffalogs/impossible_travel/alerting/http_request.py:228:80: E501 line too long (81 > 79 characters)
buffalogs/impossible_travel/alerting/http_request.py:243:80: E501 line too long (90 > 79 characters)
buffalogs/impossible_travel/alerting/http_request.py:245:80: E501 line too long (90 > 79 characters)
buffalogs/impossible_travel/alerting/http_request.py:251:80: E501 line too long (104 > 79 characters)
buffalogs/impossible_travel/alerting/http_request.py:291:80: E501 line too long (80 > 79 characters)
buffalogs/impossible_travel/alerting/http_request.py:295:80: E501 line too long (81 > 79 characters)
buffalogs/impossible_travel/alerting/http_request.py:313:80: E501 line too long (82 > 79 characters)
buffalogs/impossible_travel/alerting/http_request.py:317:80: E501 line too long (87 > 79 characters)
buffalogs/impossible_travel/alerting/http_request.py:318:80: E501 line too long (87 > 79 characters)
buffalogs/impossible_travel/alerting/http_request.py:344:80: E501 line too long (117 > 79 characters)
buffalogs/impossible_travel/alerting/http_request.py:351:80: E501 line too long (127 > 79 characters)
buffalogs/impossible_travel/alerting/http_request.py:356:80: E501 line too long (149 > 79 characters)
buffalogs/impossible_travel/alerting/mattermost_alerting.py:34:80: E501 line too long (87 > 79 characters)
buffalogs/impossible_travel/alerting/mattermost_alerting.py:37:80: E501 line too long (80 > 79 characters)
buffalogs/impossible_travel/alerting/mattermost_alerting.py:49:80: E501 line too long (81 > 79 characters)
buffalogs/impossible_travel/alerting/mattermost_alerting.py:71:80: E501 line too long (86 > 79 characters)
buffalogs/impossible_travel/alerting/mattermost_alerting.py:123:80: E501 line too long (85 > 79 characters)
buffalogs/impossible_travel/alerting/mattermost_alerting.py:130:80: E501 line too long (87 > 79 characters)
buffalogs/impossible_travel/alerting/microsoft_teams_alerting.py:29:80: E501 line too long (82 > 79 characters)
buffalogs/impossible_travel/alerting/microsoft_teams_alerting.py:32:80: E501 line too long (82 > 79 characters)
buffalogs/impossible_travel/alerting/microsoft_teams_alerting.py:35:80: E501 line too long (87 > 79 characters)
buffalogs/impossible_travel/alerting/microsoft_teams_alerting.py:38:80: E501 line too long (80 > 79 characters)
buffalogs/impossible_travel/alerting/microsoft_teams_alerting.py:57:80: E501 line too long (81 > 79 characters)
buffalogs/impossible_travel/alerting/microsoft_teams_alerting.py:76:80: E501 line too long (80 > 79 characters)
buffalogs/impossible_travel/alerting/microsoft_teams_alerting.py:112:80: E501 line too long (80 > 79 characters)
buffalogs/impossible_travel/alerting/microsoft_teams_alerting.py:117:80: E501 line too long (83 > 79 characters)
buffalogs/impossible_travel/alerting/microsoft_teams_alerting.py:142:80: E501 line too long (91 > 79 characters)
buffalogs/impossible_travel/alerting/pushover_alerting.py:34:80: E501 line too long (87 > 79 characters)
buffalogs/impossible_travel/alerting/pushover_alerting.py:37:80: E501 line too long (80 > 79 characters)
buffalogs/impossible_travel/alerting/pushover_alerting.py:41:80: E501 line too long (86 > 79 characters)
buffalogs/impossible_travel/alerting/pushover_alerting.py:43:80: E501 line too long (86 > 79 characters)
buffalogs/impossible_travel/alerting/pushover_alerting.py:48:80: E501 line too long (81 > 79 characters)
buffalogs/impossible_travel/alerting/pushover_alerting.py:66:80: E501 line too long (88 > 79 characters)
buffalogs/impossible_travel/alerting/pushover_alerting.py:68:80: E501 line too long (84 > 79 characters)
buffalogs/impossible_travel/alerting/pushover_alerting.py:120:80: E501 line too long (83 > 79 characters)
buffalogs/impossible_travel/alerting/pushover_alerting.py:127:80: E501 line too long (85 > 79 characters)
buffalogs/impossible_travel/alerting/rocketchat_alerting.py:35:80: E501 line too long (87 > 79 characters)
buffalogs/impossible_travel/alerting/rocketchat_alerting.py:38:80: E501 line too long (80 > 79 characters)
buffalogs/impossible_travel/alerting/rocketchat_alerting.py:53:80: E501 line too long (81 > 79 characters)
buffalogs/impossible_travel/alerting/rocketchat_alerting.py:75:80: E501 line too long (86 > 79 characters)
buffalogs/impossible_travel/alerting/rocketchat_alerting.py:127:80: E501 line too long (85 > 79 characters)
buffalogs/impossible_travel/alerting/rocketchat_alerting.py:134:80: E501 line too long (87 > 79 characters)
buffalogs/impossible_travel/alerting/slack_alerting.py:6:1: F401 'datetime.timedelta' imported but unused
buffalogs/impossible_travel/alerting/slack_alerting.py:10:1: F401 'django.utils.timezone' imported but unused
buffalogs/impossible_travel/alerting/slack_alerting.py:29:80: E501 line too long (88 > 79 characters)
buffalogs/impossible_travel/alerting/slack_alerting.py:30:80: E501 line too long (87 > 79 characters)
buffalogs/impossible_travel/alerting/slack_alerting.py:32:80: E501 line too long (87 > 79 characters)
buffalogs/impossible_travel/alerting/slack_alerting.py:35:80: E501 line too long (80 > 79 characters)
buffalogs/impossible_travel/alerting/slack_alerting.py:38:80: E501 line too long (85 > 79 characters)
buffalogs/impossible_travel/alerting/slack_alerting.py:64:80: E501 line too long (81 > 79 characters)
buffalogs/impossible_travel/alerting/slack_alerting.py:82:80: E501 line too long (85 > 79 characters)
buffalogs/impossible_travel/alerting/slack_alerting.py:84:80: E501 line too long (81 > 79 characters)
buffalogs/impossible_travel/alerting/slack_alerting.py:91:80: E501 line too long (84 > 79 characters)
buffalogs/impossible_travel/alerting/slack_alerting.py:95:80: E501 line too long (88 > 79 characters)
buffalogs/impossible_travel/alerting/slack_alerting.py:130:80: E501 line too long (80 > 79 characters)
buffalogs/impossible_travel/alerting/slack_alerting.py:137:80: E501 line too long (82 > 79 characters)
buffalogs/impossible_travel/alerting/telegram_alerting.py:37:80: E501 line too long (87 > 79 characters)
buffalogs/impossible_travel/alerting/telegram_alerting.py:40:80: E501 line too long (80 > 79 characters)
buffalogs/impossible_travel/alerting/telegram_alerting.py:52:80: E501 line too long (81 > 79 characters)
buffalogs/impossible_travel/alerting/telegram_alerting.py:70:80: E501 line too long (88 > 79 characters)
buffalogs/impossible_travel/alerting/telegram_alerting.py:72:80: E501 line too long (84 > 79 characters)
buffalogs/impossible_travel/alerting/telegram_alerting.py:124:80: E501 line too long (83 > 79 characters)
buffalogs/impossible_travel/alerting/telegram_alerting.py:131:80: E501 line too long (85 > 79 characters)
buffalogs/impossible_travel/alerting/webhook.py:23:80: E501 line too long (86 > 79 characters)
buffalogs/impossible_travel/alerting/webhook.py:31:80: E501 line too long (83 > 79 characters)
buffalogs/impossible_travel/alerting/webhook.py:57:80: E501 line too long (80 > 79 characters)
buffalogs/impossible_travel/alerting/webhook.py:73:80: E501 line too long (80 > 79 characters)
buffalogs/impossible_travel/constants.py:8:80: E501 line too long (115 > 79 characters)
buffalogs/impossible_travel/constants.py:9:80: E501 line too long (116 > 79 characters)
buffalogs/impossible_travel/constants.py:10:80: E501 line too long (111 > 79 characters)
buffalogs/impossible_travel/constants.py:11:80: E501 line too long (110 > 79 characters)
buffalogs/impossible_travel/constants.py:12:80: E501 line too long (134 > 79 characters)
buffalogs/impossible_travel/constants.py:13:80: E501 line too long (102 > 79 characters)
buffalogs/impossible_travel/constants.py:14:80: E501 line too long (118 > 79 characters)
buffalogs/impossible_travel/constants.py:21:80: E501 line too long (80 > 79 characters)
buffalogs/impossible_travel/constants.py:34:80: E501 line too long (93 > 79 characters)
buffalogs/impossible_travel/constants.py:66:80: E501 line too long (84 > 79 characters)
buffalogs/impossible_travel/constants.py:80:80: E501 line too long (119 > 79 characters)
buffalogs/impossible_travel/constants.py:90:80: E501 line too long (82 > 79 characters)
buffalogs/impossible_travel/constants.py:94:80: E501 line too long (83 > 79 characters)
buffalogs/impossible_travel/constants.py:105:80: E501 line too long (100 > 79 characters)
buffalogs/impossible_travel/constants.py:106:80: E501 line too long (94 > 79 characters)
buffalogs/impossible_travel/constants.py:107:80: E501 line too long (121 > 79 characters)
buffalogs/impossible_travel/constants.py:109:80: E501 line too long (92 > 79 characters)
buffalogs/impossible_travel/constants.py:130:80: E501 line too long (145 > 79 characters)
buffalogs/impossible_travel/constants.py:131:80: E501 line too long (158 > 79 characters)
buffalogs/impossible_travel/constants.py:132:80: E501 line too long (108 > 79 characters)
buffalogs/impossible_travel/constants.py:133:80: E501 line too long (133 > 79 characters)
buffalogs/impossible_travel/constants.py:134:80: E501 line too long (147 > 79 characters)
buffalogs/impossible_travel/constants.py:135:80: E501 line too long (148 > 79 characters)
buffalogs/impossible_travel/constants.py:136:80: E501 line too long (153 > 79 characters)
buffalogs/impossible_travel/constants.py:137:80: E501 line too long (118 > 79 characters)
buffalogs/impossible_travel/constants.py:138:80: E501 line too long (116 > 79 characters)
buffalogs/impossible_travel/constants.py:139:80: E501 line too long (189 > 79 characters)
buffalogs/impossible_travel/constants.py:140:80: E501 line too long (189 > 79 characters)
buffalogs/impossible_travel/constants.py:144:80: E501 line too long (127 > 79 characters)
buffalogs/impossible_travel/constants.py:147:80: E501 line too long (141 > 79 characters)
buffalogs/impossible_travel/constants.py:150:80: E501 line too long (93 > 79 characters)
buffalogs/impossible_travel/constants.py:153:80: E501 line too long (113 > 79 characters)
buffalogs/impossible_travel/constants.py:156:80: E501 line too long (136 > 79 characters)
buffalogs/impossible_travel/constants.py:159:80: E501 line too long (119 > 79 characters)
buffalogs/impossible_travel/constants.py:162:80: E501 line too long (140 > 79 characters)
buffalogs/impossible_travel/constants.py:165:80: E501 line too long (104 > 79 characters)
buffalogs/impossible_travel/constants.py:168:80: E501 line too long (100 > 79 characters)
buffalogs/impossible_travel/constants.py:171:80: E501 line too long (183 > 79 characters)
buffalogs/impossible_travel/constants.py:174:80: E501 line too long (182 > 79 characters)
buffalogs/impossible_travel/dashboard/charts.py:64:80: E501 line too long (87 > 79 characters)
buffalogs/impossible_travel/dashboard/charts.py:68:80: E501 line too long (83 > 79 characters)
buffalogs/impossible_travel/dashboard/charts.py:72:80: E501 line too long (86 > 79 characters)
buffalogs/impossible_travel/dashboard/charts.py:76:80: E501 line too long (84 > 79 characters)
buffalogs/impossible_travel/dashboard/charts.py:208:80: E501 line too long (86 > 79 characters)
buffalogs/impossible_travel/dashboard/charts.py:222:80: E501 line too long (80 > 79 characters)
buffalogs/impossible_travel/dashboard/charts.py:292:80: E501 line too long (87 > 79 characters)
buffalogs/impossible_travel/forms.py:9:80: E501 line too long (81 > 79 characters)
buffalogs/impossible_travel/forms.py:37:80: E501 line too long (91 > 79 characters)
buffalogs/impossible_travel/forms.py:44:80: E501 line too long (84 > 79 characters)
buffalogs/impossible_travel/forms.py:69:80: E501 line too long (89 > 79 characters)
buffalogs/impossible_travel/forms.py:75:80: E501 line too long (89 > 79 characters)
buffalogs/impossible_travel/forms.py:77:80: E501 line too long (87 > 79 characters)
buffalogs/impossible_travel/forms.py:78:80: E501 line too long (88 > 79 characters)
buffalogs/impossible_travel/ingestion/base_ingestion.py:28:80: E501 line too long (80 > 79 characters)
buffalogs/impossible_travel/ingestion/base_ingestion.py:32:80: E501 line too long (148 > 79 characters)
buffalogs/impossible_travel/ingestion/base_ingestion.py:33:80: E501 line too long (85 > 79 characters)
buffalogs/impossible_travel/ingestion/base_ingestion.py:35:80: E501 line too long (83 > 79 characters)
buffalogs/impossible_travel/ingestion/base_ingestion.py:37:80: E501 line too long (81 > 79 characters)
buffalogs/impossible_travel/ingestion/base_ingestion.py:49:80: E501 line too long (140 > 79 characters)
buffalogs/impossible_travel/ingestion/base_ingestion.py:50:80: E501 line too long (85 > 79 characters)
buffalogs/impossible_travel/ingestion/base_ingestion.py:54:80: E501 line too long (96 > 79 characters)
buffalogs/impossible_travel/ingestion/base_ingestion.py:56:80: E501 line too long (94 > 79 characters)
buffalogs/impossible_travel/ingestion/base_ingestion.py:65:80: E501 line too long (87 > 79 characters)
buffalogs/impossible_travel/ingestion/base_ingestion.py:66:80: E501 line too long (130 > 79 characters)
buffalogs/impossible_travel/ingestion/elasticsearch_ingestion.py:10:80: E501 line too long (89 > 79 characters)
buffalogs/impossible_travel/ingestion/elasticsearch_ingestion.py:24:80: E501 line too long (80 > 79 characters)
buffalogs/impossible_travel/ingestion/elasticsearch_ingestion.py:28:80: E501 line too long (82 > 79 characters)
buffalogs/impossible_travel/ingestion/elasticsearch_ingestion.py:30:80: E501 line too long (83 > 79 characters)
buffalogs/impossible_travel/ingestion/elasticsearch_ingestion.py:32:80: E501 line too long (81 > 79 characters)
buffalogs/impossible_travel/ingestion/elasticsearch_ingestion.py:43:80: E501 line too long (83 > 79 characters)
buffalogs/impossible_travel/ingestion/elasticsearch_ingestion.py:59:80: E501 line too long (93 > 79 characters)
buffalogs/impossible_travel/ingestion/elasticsearch_ingestion.py:71:80: E501 line too long (93 > 79 characters)
buffalogs/impossible_travel/ingestion/elasticsearch_ingestion.py:74:80: E501 line too long (82 > 79 characters)
buffalogs/impossible_travel/ingestion/elasticsearch_ingestion.py:83:80: E501 line too long (88 > 79 characters)
buffalogs/impossible_travel/ingestion/elasticsearch_ingestion.py:87:80: E501 line too long (96 > 79 characters)
buffalogs/impossible_travel/ingestion/elasticsearch_ingestion.py:89:80: E501 line too long (94 > 79 characters)
buffalogs/impossible_travel/ingestion/elasticsearch_ingestion.py:99:80: E501 line too long (83 > 79 characters)
buffalogs/impossible_travel/ingestion/elasticsearch_ingestion.py:127:80: E501 line too long (93 > 79 characters)
buffalogs/impossible_travel/ingestion/elasticsearch_ingestion.py:136:80: E501 line too long (122 > 79 characters)
buffalogs/impossible_travel/ingestion/elasticsearch_ingestion.py:139:80: E501 line too long (86 > 79 characters)
buffalogs/impossible_travel/ingestion/ingestion_factory.py:6:80: E501 line too long (86 > 79 characters)
buffalogs/impossible_travel/ingestion/ingestion_factory.py:7:80: E501 line too long (80 > 79 characters)
buffalogs/impossible_travel/ingestion/ingestion_factory.py:32:80: E501 line too long (82 > 79 characters)
buffalogs/impossible_travel/ingestion/ingestion_factory.py:42:80: E501 line too long (86 > 79 characters)
buffalogs/impossible_travel/ingestion/ingestion_factory.py:46:80: E501 line too long (93 > 79 characters)
buffalogs/impossible_travel/ingestion/ingestion_factory.py:56:80: E501 line too long (82 > 79 characters)
buffalogs/impossible_travel/ingestion/opensearch_ingestion.py:14:80: E501 line too long (86 > 79 characters)
buffalogs/impossible_travel/ingestion/opensearch_ingestion.py:28:80: E501 line too long (80 > 79 characters)
buffalogs/impossible_travel/ingestion/opensearch_ingestion.py:32:80: E501 line too long (82 > 79 characters)
buffalogs/impossible_travel/ingestion/opensearch_ingestion.py:34:80: E501 line too long (83 > 79 characters)
buffalogs/impossible_travel/ingestion/opensearch_ingestion.py:36:80: E501 line too long (81 > 79 characters)
buffalogs/impossible_travel/ingestion/opensearch_ingestion.py:49:80: E501 line too long (87 > 79 characters)
buffalogs/impossible_travel/ingestion/opensearch_ingestion.py:57:80: E501 line too long (179 > 79 characters)
buffalogs/impossible_travel/ingestion/opensearch_ingestion.py:86:80: E501 line too long (98 > 79 characters)
buffalogs/impossible_travel/ingestion/opensearch_ingestion.py:96:80: E501 line too long (88 > 79 characters)
buffalogs/impossible_travel/ingestion/opensearch_ingestion.py:99:80: E501 line too long (96 > 79 characters)
buffalogs/impossible_travel/ingestion/opensearch_ingestion.py:100:80: E501 line too long (94 > 79 characters)
buffalogs/impossible_travel/ingestion/opensearch_ingestion.py:110:80: E501 line too long (87 > 79 characters)
buffalogs/impossible_travel/ingestion/opensearch_ingestion.py:150:80: E501 line too long (101 > 79 characters)
buffalogs/impossible_travel/ingestion/splunk_ingestion.py:13:80: E501 line too long (82 > 79 characters)
buffalogs/impossible_travel/ingestion/splunk_ingestion.py:34:80: E501 line too long (80 > 79 characters)
buffalogs/impossible_travel/ingestion/splunk_ingestion.py:38:80: E501 line too long (82 > 79 characters)
buffalogs/impossible_travel/ingestion/splunk_ingestion.py:54:80: E501 line too long (86 > 79 characters)
buffalogs/impossible_travel/ingestion/splunk_ingestion.py:81:80: E501 line too long (98 > 79 characters)
buffalogs/impossible_travel/ingestion/splunk_ingestion.py:85:80: E501 line too long (84 > 79 characters)
buffalogs/impossible_travel/ingestion/splunk_ingestion.py:95:80: E501 line too long (88 > 79 characters)
buffalogs/impossible_travel/ingestion/splunk_ingestion.py:112:80: E501 line too long (109 > 79 characters)
buffalogs/impossible_travel/ingestion/splunk_ingestion.py:114:80: E501 line too long (104 > 79 characters)
buffalogs/impossible_travel/ingestion/splunk_ingestion.py:115:80: E501 line too long (111 > 79 characters)
buffalogs/impossible_travel/ingestion/splunk_ingestion.py:139:80: E501 line too long (82 > 79 characters)
buffalogs/impossible_travel/ingestion/splunk_ingestion.py:144:80: E501 line too long (98 > 79 characters)
buffalogs/impossible_travel/ingestion/splunk_ingestion.py:148:80: E501 line too long (84 > 79 characters)
buffalogs/impossible_travel/management/commands/base_command.py:29:80: E501 line too long (80 > 79 characters)
buffalogs/impossible_travel/management/commands/base_command.py:33:80: E501 line too long (88 > 79 characters)
buffalogs/impossible_travel/management/commands/base_command.py:45:80: E501 line too long (80 > 79 characters)
buffalogs/impossible_travel/management/commands/base_command.py:60:80: E501 line too long (87 > 79 characters)
buffalogs/impossible_travel/management/commands/clear_models.py:3:80: E501 line too long (81 > 79 characters)
buffalogs/impossible_travel/management/commands/clear_models.py:11:80: E501 line too long (82 > 79 characters)
buffalogs/impossible_travel/management/commands/clear_models.py:19:80: E501 line too long (89 > 79 characters)
buffalogs/impossible_travel/management/commands/clear_models.py:36:80: E501 line too long (81 > 79 characters)
buffalogs/impossible_travel/management/commands/clear_models.py:40:80: E501 line too long (83 > 79 characters)
buffalogs/impossible_travel/management/commands/generate_fake_elasticsearch_data.py:11:80: E501 line too long (81 > 79 characters)
buffalogs/impossible_travel/management/commands/generate_fake_elasticsearch_data.py:18:80: E501 line too long (86 > 79 characters)
buffalogs/impossible_travel/management/commands/generate_fake_elasticsearch_data.py:23:80: E501 line too long (89 > 79 characters)
buffalogs/impossible_travel/management/commands/generate_fake_elasticsearch_data.py:41:80: E501 line too long (82 > 79 characters)
buffalogs/impossible_travel/management/commands/generate_fake_elasticsearch_data.py:46:80: E501 line too long (81 > 79 characters)
buffalogs/impossible_travel/management/commands/generate_fake_elasticsearch_data.py:55:80: E501 line too long (88 > 79 characters)
buffalogs/impossible_travel/management/commands/generate_fake_elasticsearch_data.py:89:80: E501 line too long (88 > 79 characters)
buffalogs/impossible_travel/management/commands/generate_fake_elasticsearch_data.py:149:80: E501 line too long (81 > 79 characters)
buffalogs/impossible_travel/management/commands/generate_fake_elasticsearch_data.py:156:80: E501 line too long (89 > 79 characters)
buffalogs/impossible_travel/management/commands/impossible_travel.py:4:80: E501 line too long (81 > 79 characters)
buffalogs/impossible_travel/management/commands/impossible_travel.py:22:80: E501 line too long (82 > 79 characters)
buffalogs/impossible_travel/management/commands/impossible_travel.py:26:80: E501 line too long (84 > 79 characters)
buffalogs/impossible_travel/management/commands/impossible_travel.py:27:80: E501 line too long (125 > 79 characters)
buffalogs/impossible_travel/management/commands/impossible_travel.py:39:80: E501 line too long (82 > 79 characters)
buffalogs/impossible_travel/management/commands/impossible_travel.py:43:80: E501 line too long (82 > 79 characters)
buffalogs/impossible_travel/management/commands/notify_alerts.py:1:80: E501 line too long (81 > 79 characters)
buffalogs/impossible_travel/management/commands/reset_user_risk_score.py:1:1: F401 'django.core.management.base.BaseCommand' imported but unused
buffalogs/impossible_travel/management/commands/reset_user_risk_score.py:3:80: E501 line too long (81 > 79 characters)
buffalogs/impossible_travel/management/commands/reset_user_risk_score.py:23:80: E501 line too long (93 > 79 characters)
buffalogs/impossible_travel/management/commands/reset_user_risk_score.py:33:80: E501 line too long (102 > 79 characters)
buffalogs/impossible_travel/management/commands/reset_user_risk_score.py:46:80: E501 line too long (95 > 79 characters)
buffalogs/impossible_travel/management/commands/reset_user_risk_score.py:53:80: E501 line too long (91 > 79 characters)
buffalogs/impossible_travel/management/commands/setup_config.py:9:80: E501 line too long (81 > 79 characters)
buffalogs/impossible_travel/management/commands/setup_config.py:110:80: E501 line too long (89 > 79 characters)
buffalogs/impossible_travel/management/commands/setup_config.py:125:80: E501 line too long (82 > 79 characters)
buffalogs/impossible_travel/management/commands/setup_config.py:173:80: E501 line too long (153 > 79 characters)
buffalogs/impossible_travel/management/commands/setup_config.py:176:80: E501 line too long (81 > 79 characters)
buffalogs/impossible_travel/management/commands/setup_config.py:212:80: E501 line too long (115 > 79 characters)
buffalogs/impossible_travel/management/commands/setup_config.py:217:80: E501 line too long (84 > 79 characters)
buffalogs/impossible_travel/management/commands/setup_config.py:257:80: E501 line too long (97 > 79 characters)
buffalogs/impossible_travel/management/commands/setup_config.py:259:80: E501 line too long (99 > 79 characters)
buffalogs/impossible_travel/management/commands/setup_config.py:279:80: E501 line too long (86 > 79 characters)
buffalogs/impossible_travel/management/commands/setup_config.py:287:80: E501 line too long (80 > 79 characters)
buffalogs/impossible_travel/management/commands/setup_config.py:290:80: E501 line too long (85 > 79 characters)
buffalogs/impossible_travel/management/commands/setup_config.py:296:80: E501 line too long (95 > 79 characters)
buffalogs/impossible_travel/management/commands/setup_config.py:313:80: E501 line too long (97 > 79 characters)
buffalogs/impossible_travel/management/commands/setup_config.py:327:80: E501 line too long (83 > 79 characters)
buffalogs/impossible_travel/management/commands/setup_config.py:332:80: E501 line too long (90 > 79 characters)
buffalogs/impossible_travel/models.py:42:80: E501 line too long (81 > 79 characters)
buffalogs/impossible_travel/models.py:44:80: E501 line too long (86 > 79 characters)
buffalogs/impossible_travel/models.py:123:80: E501 line too long (85 > 79 characters)
buffalogs/impossible_travel/models.py:129:80: E501 line too long (84 > 79 characters)
buffalogs/impossible_travel/models.py:133:80: E501 line too long (87 > 79 characters)
buffalogs/impossible_travel/models.py:194:80: E501 line too long (82 > 79 characters)
buffalogs/impossible_travel/models.py:196:80: E501 line too long (81 > 79 characters)
buffalogs/impossible_travel/models.py:204:80: E501 line too long (81 > 79 characters)
buffalogs/impossible_travel/models.py:208:80: E501 line too long (83 > 79 characters)
buffalogs/impossible_travel/models.py:229:80: E501 line too long (81 > 79 characters)
buffalogs/impossible_travel/models.py:341:80: E501 line too long (80 > 79 characters)
buffalogs/impossible_travel/models.py:361:80: E501 line too long (86 > 79 characters)
buffalogs/impossible_travel/models.py:400:80: E501 line too long (88 > 79 characters)
buffalogs/impossible_travel/models.py:453:80: E501 line too long (85 > 79 characters)
buffalogs/impossible_travel/models.py:498:80: E501 line too long (86 > 79 characters)
buffalogs/impossible_travel/modules/alert_filter.py:30:80: E501 line too long (155 > 79 characters)
buffalogs/impossible_travel/modules/alert_filter.py:37:80: E501 line too long (166 > 79 characters)
buffalogs/impossible_travel/modules/alert_filter.py:41:80: E501 line too long (80 > 79 characters)
buffalogs/impossible_travel/modules/alert_filter.py:46:80: E501 line too long (167 > 79 characters)
buffalogs/impossible_travel/modules/alert_filter.py:49:80: E501 line too long (81 > 79 characters)
buffalogs/impossible_travel/modules/alert_filter.py:53:80: E501 line too long (80 > 79 characters)
buffalogs/impossible_travel/modules/alert_filter.py:56:80: E501 line too long (222 > 79 characters)
buffalogs/impossible_travel/modules/alert_filter.py:65:80: E501 line too long (121 > 79 characters)
buffalogs/impossible_travel/modules/alert_filter.py:78:80: E501 line too long (159 > 79 characters)
buffalogs/impossible_travel/modules/alert_filter.py:90:80: E501 line too long (87 > 79 characters)
buffalogs/impossible_travel/modules/alert_filter.py:91:80: E501 line too long (89 > 79 characters)
buffalogs/impossible_travel/modules/alert_filter.py:99:80: E501 line too long (95 > 79 characters)
buffalogs/impossible_travel/modules/alert_filter.py:100:80: E501 line too long (81 > 79 characters)
buffalogs/impossible_travel/modules/alert_filter.py:105:80: E501 line too long (107 > 79 characters)
buffalogs/impossible_travel/modules/alert_filter.py:108:80: E501 line too long (129 > 79 characters)
buffalogs/impossible_travel/modules/alert_filter.py:112:80: E501 line too long (97 > 79 characters)
buffalogs/impossible_travel/modules/alert_filter.py:117:80: E501 line too long (81 > 79 characters)
buffalogs/impossible_travel/modules/alert_filter.py:119:80: E501 line too long (118 > 79 characters)
buffalogs/impossible_travel/modules/alert_filter.py:126:80: E501 line too long (101 > 79 characters)
buffalogs/impossible_travel/modules/alert_filter.py:128:80: E501 line too long (121 > 79 characters)
buffalogs/impossible_travel/modules/alert_filter.py:130:80: E501 line too long (80 > 79 characters)
buffalogs/impossible_travel/modules/alert_filter.py:132:80: E501 line too long (128 > 79 characters)
buffalogs/impossible_travel/modules/alert_filter.py:135:80: E501 line too long (83 > 79 characters)
buffalogs/impossible_travel/modules/alert_filter.py:140:80: E501 line too long (199 > 79 characters)
buffalogs/impossible_travel/modules/alert_filter.py:142:80: E501 line too long (84 > 79 characters)
buffalogs/impossible_travel/modules/alert_filter.py:143:80: E501 line too long (114 > 79 characters)
buffalogs/impossible_travel/modules/alert_filter.py:144:80: E501 line too long (81 > 79 characters)
buffalogs/impossible_travel/modules/alert_filter.py:146:80: E501 line too long (111 > 79 characters)
buffalogs/impossible_travel/modules/alert_filter.py:153:80: E501 line too long (101 > 79 characters)
buffalogs/impossible_travel/modules/alert_filter.py:159:80: E501 line too long (82 > 79 characters)
buffalogs/impossible_travel/modules/detection.py:22:80: E501 line too long (116 > 79 characters)
buffalogs/impossible_travel/modules/detection.py:36:80: E501 line too long (118 > 79 characters)
buffalogs/impossible_travel/modules/detection.py:43:80: E501 line too long (114 > 79 characters)
buffalogs/impossible_travel/modules/detection.py:52:80: E501 line too long (234 > 79 characters)
buffalogs/impossible_travel/modules/detection.py:55:80: E501 line too long (86 > 79 characters)
buffalogs/impossible_travel/modules/detection.py:59:80: E501 line too long (114 > 79 characters)
buffalogs/impossible_travel/modules/detection.py:65:80: E501 line too long (88 > 79 characters)
buffalogs/impossible_travel/modules/detection.py:68:80: E501 line too long (110 > 79 characters)
buffalogs/impossible_travel/modules/detection.py:69:80: E501 line too long (88 > 79 characters)
buffalogs/impossible_travel/modules/detection.py:72:80: E501 line too long (235 > 79 characters)
buffalogs/impossible_travel/modules/detection.py:100:80: E501 line too long (103 > 79 characters)
buffalogs/impossible_travel/modules/detection.py:135:80: E501 line too long (130 > 79 characters)
buffalogs/impossible_travel/modules/detection.py:138:80: E501 line too long (87 > 79 characters)
buffalogs/impossible_travel/modules/detection.py:141:80: E501 line too long (87 > 79 characters)
buffalogs/impossible_travel/modules/detection.py:168:80: E501 line too long (80 > 79 characters)
buffalogs/impossible_travel/modules/detection.py:188:80: E501 line too long (83 > 79 characters)
buffalogs/impossible_travel/modules/detection.py:198:80: E501 line too long (84 > 79 characters)
buffalogs/impossible_travel/modules/detection.py:203:80: E501 line too long (86 > 79 characters)
buffalogs/impossible_travel/modules/detection.py:209:80: E501 line too long (84 > 79 characters)
buffalogs/impossible_travel/modules/detection.py:214:80: E501 line too long (80 > 79 characters)
buffalogs/impossible_travel/modules/detection.py:217:80: E501 line too long (80 > 79 characters)
buffalogs/impossible_travel/modules/detection.py:237:80: E501 line too long (146 > 79 characters)
buffalogs/impossible_travel/modules/detection.py:241:80: E501 line too long (83 > 79 characters)
buffalogs/impossible_travel/modules/detection.py:246:80: E501 line too long (151 > 79 characters)
buffalogs/impossible_travel/modules/detection.py:266:80: E501 line too long (81 > 79 characters)
buffalogs/impossible_travel/modules/detection.py:273:80: E501 line too long (116 > 79 characters)
buffalogs/impossible_travel/modules/detection.py:306:80: E501 line too long (84 > 79 characters)
buffalogs/impossible_travel/modules/detection.py:313:80: E501 line too long (86 > 79 characters)
buffalogs/impossible_travel/modules/detection.py:334:80: E501 line too long (164 > 79 characters)
buffalogs/impossible_travel/modules/detection.py:338:80: E501 line too long (162 > 79 characters)
buffalogs/impossible_travel/modules/detection.py:342:80: E501 line too long (160 > 79 characters)
buffalogs/impossible_travel/modules/detection.py:358:80: E501 line too long (90 > 79 characters)
buffalogs/impossible_travel/modules/detection.py:393:80: E501 line too long (248 > 79 characters)
buffalogs/impossible_travel/serializers.py:6:1: F401 'impossible_travel.models.User' imported but unused
buffalogs/impossible_travel/serializers.py:6:1: F401 'impossible_travel.models.UsersIP' imported but unused
buffalogs/impossible_travel/serializers.py:44:80: E501 line too long (82 > 79 characters)
buffalogs/impossible_travel/serializers.py:48:80: E501 line too long (89 > 79 characters)
buffalogs/impossible_travel/serializers.py:81:80: E501 line too long (86 > 79 characters)
buffalogs/impossible_travel/tasks.py:46:80: E501 line too long (98 > 79 characters)
buffalogs/impossible_travel/tasks.py:96:80: E501 line too long (92 > 79 characters)
buffalogs/impossible_travel/tasks.py:99:80: E501 line too long (99 > 79 characters)
buffalogs/impossible_travel/tasks.py:101:80: E501 line too long (84 > 79 characters)
buffalogs/impossible_travel/tasks.py:102:80: E501 line too long (115 > 79 characters)
buffalogs/impossible_travel/tasks.py:104:80: E501 line too long (81 > 79 characters)
buffalogs/impossible_travel/tests/alerters/test_alert_discord.py:38:80: E501 line too long (84 > 79 characters)
buffalogs/impossible_travel/tests/alerters/test_alert_discord.py:74:80: E501 line too long (86 > 79 characters)
buffalogs/impossible_travel/tests/alerters/test_alert_discord.py:86:80: E501 line too long (87 > 79 characters)
buffalogs/impossible_travel/tests/alerters/test_alert_discord.py:129:80: E501 line too long (85 > 79 characters)
buffalogs/impossible_travel/tests/alerters/test_alert_email.py:29:80: E501 line too long (85 > 79 characters)
buffalogs/impossible_travel/tests/alerters/test_alert_email.py:31:80: E501 line too long (84 > 79 characters)
buffalogs/impossible_travel/tests/alerters/test_alert_email.py:46:80: E501 line too long (87 > 79 characters)
buffalogs/impossible_travel/tests/alerters/test_alert_email.py:47:80: E501 line too long (85 > 79 characters)
buffalogs/impossible_travel/tests/alerters/test_alert_email.py:65:80: E501 line too long (85 > 79 characters)
buffalogs/impossible_travel/tests/alerters/test_alert_email.py:79:80: E501 line too long (85 > 79 characters)
buffalogs/impossible_travel/tests/alerters/test_alert_email.py:81:80: E501 line too long (87 > 79 characters)
buffalogs/impossible_travel/tests/alerters/test_alert_email.py:120:80: E501 line too long (83 > 79 characters)
buffalogs/impossible_travel/tests/alerters/test_alert_email.py:128:80: E501 line too long (89 > 79 characters)
buffalogs/impossible_travel/tests/alerters/test_alert_factory.py:38:80: E501 line too long (82 > 79 characters)
buffalogs/impossible_travel/tests/alerters/test_alert_factory.py:46:80: E501 line too long (82 > 79 characters)
buffalogs/impossible_travel/tests/alerters/test_alert_factory.py:59:80: E501 line too long (82 > 79 characters)
buffalogs/impossible_travel/tests/alerters/test_alert_factory.py:95:80: E501 line too long (106 > 79 characters)
buffalogs/impossible_travel/tests/alerters/test_alert_googlechat.py:53:80: E501 line too long (87 > 79 characters)
buffalogs/impossible_travel/tests/alerters/test_alert_googlechat.py:82:80: E501 line too long (86 > 79 characters)
buffalogs/impossible_travel/tests/alerters/test_alert_googlechat.py:94:80: E501 line too long (87 > 79 characters)
buffalogs/impossible_travel/tests/alerters/test_alert_googlechat.py:137:80: E501 line too long (88 > 79 characters)
buffalogs/impossible_travel/tests/alerters/test_alert_googlechat.py:145:80: E501 line too long (89 > 79 characters)
buffalogs/impossible_travel/tests/alerters/test_alert_mattermost.py:45:80: E501 line too long (87 > 79 characters)
buffalogs/impossible_travel/tests/alerters/test_alert_mattermost.py:73:80: E501 line too long (86 > 79 characters)
buffalogs/impossible_travel/tests/alerters/test_alert_mattermost.py:85:80: E501 line too long (87 > 79 characters)
buffalogs/impossible_travel/tests/alerters/test_alert_mattermost.py:128:80: E501 line too long (88 > 79 characters)
buffalogs/impossible_travel/tests/alerters/test_alert_mattermost.py:136:80: E501 line too long (89 > 79 characters)
buffalogs/impossible_travel/tests/alerters/test_alert_microsoft_teams.py:8:80: E501 line too long (86 > 79 characters)
buffalogs/impossible_travel/tests/alerters/test_alert_microsoft_teams.py:77:80: E501 line too long (86 > 79 characters)
buffalogs/impossible_travel/tests/alerters/test_alert_microsoft_teams.py:89:80: E501 line too long (87 > 79 characters)
buffalogs/impossible_travel/tests/alerters/test_alert_microsoft_teams.py:132:80: E501 line too long (83 > 79 characters)
buffalogs/impossible_travel/tests/alerters/test_alert_pushover.py:45:80: E501 line too long (87 > 79 characters)
buffalogs/impossible_travel/tests/alerters/test_alert_pushover.py:72:80: E501 line too long (86 > 79 characters)
buffalogs/impossible_travel/tests/alerters/test_alert_pushover.py:84:80: E501 line too long (87 > 79 characters)
buffalogs/impossible_travel/tests/alerters/test_alert_pushover.py:127:80: E501 line too long (86 > 79 characters)
buffalogs/impossible_travel/tests/alerters/test_alert_pushover.py:134:80: E501 line too long (89 > 79 characters)
buffalogs/impossible_travel/tests/alerters/test_alert_rocketchat.py:45:80: E501 line too long (87 > 79 characters)
buffalogs/impossible_travel/tests/alerters/test_alert_rocketchat.py:73:80: E501 line too long (86 > 79 characters)
buffalogs/impossible_travel/tests/alerters/test_alert_rocketchat.py:85:80: E501 line too long (87 > 79 characters)
buffalogs/impossible_travel/tests/alerters/test_alert_rocketchat.py:128:80: E501 line too long (88 > 79 characters)
buffalogs/impossible_travel/tests/alerters/test_alert_rocketchat.py:135:80: E501 line too long (89 > 79 characters)
buffalogs/impossible_travel/tests/alerters/test_alert_slack.py:81:80: E501 line too long (86 > 79 characters)
buffalogs/impossible_travel/tests/alerters/test_alert_slack.py:93:80: E501 line too long (87 > 79 characters)
buffalogs/impossible_travel/tests/alerters/test_alert_slack.py:136:80: E501 line too long (83 > 79 characters)
buffalogs/impossible_travel/tests/alerters/test_alert_slack.py:144:80: E501 line too long (89 > 79 characters)
buffalogs/impossible_travel/tests/alerters/test_alert_telegram.py:42:80: E501 line too long (101 > 79 characters)
buffalogs/impossible_travel/tests/alerters/test_alert_telegram.py:47:80: E501 line too long (87 > 79 characters)
buffalogs/impossible_travel/tests/alerters/test_alert_telegram.py:49:80: E501 line too long (94 > 79 characters)
buffalogs/impossible_travel/tests/alerters/test_alert_telegram.py:75:80: E501 line too long (86 > 79 characters)
buffalogs/impossible_travel/tests/alerters/test_alert_telegram.py:87:80: E501 line too long (87 > 79 characters)
buffalogs/impossible_travel/tests/alerters/test_alert_telegram.py:130:80: E501 line too long (86 > 79 characters)
buffalogs/impossible_travel/tests/alerters/test_alert_telegram.py:137:80: E501 line too long (89 > 79 characters)
buffalogs/impossible_travel/tests/alerters/test_http_request_alerting.py:109:80: E501 line too long (83 > 79 characters)
buffalogs/impossible_travel/tests/alerters/test_http_request_alerting.py:124:80: E501 line too long (105 > 79 characters)
buffalogs/impossible_travel/tests/alerters/test_http_request_alerting.py:146:80: E501 line too long (83 > 79 characters)
buffalogs/impossible_travel/tests/alerters/test_http_request_alerting.py:173:80: E501 line too long (83 > 79 characters)
buffalogs/impossible_travel/tests/alerters/test_http_request_alerting.py:193:80: E501 line too long (88 > 79 characters)
buffalogs/impossible_travel/tests/alerters/test_http_request_alerting.py:229:80: E501 line too long (86 > 79 characters)
buffalogs/impossible_travel/tests/alerters/test_http_request_alerting.py:300:80: E501 line too long (88 > 79 characters)
buffalogs/impossible_travel/tests/alerters/test_webhook_alerting.py:109:80: E501 line too long (83 > 79 characters)
buffalogs/impossible_travel/tests/alerters/test_webhook_alerting.py:118:80: E501 line too long (87 > 79 characters)
buffalogs/impossible_travel/tests/alerters/test_webhook_alerting.py:119:80: E501 line too long (84 > 79 characters)
buffalogs/impossible_travel/tests/api/test_alerts_api.py:11:80: E501 line too long (86 > 79 characters)
buffalogs/impossible_travel/tests/api/test_alerts_api.py:54:80: E501 line too long (81 > 79 characters)
buffalogs/impossible_travel/tests/api/test_alerts_api.py:55:80: E501 line too long (86 > 79 characters)
buffalogs/impossible_travel/tests/api/test_alerts_api.py:56:80: E501 line too long (83 > 79 characters)
buffalogs/impossible_travel/tests/api/test_alerts_api.py:75:80: E501 line too long (82 > 79 characters)
buffalogs/impossible_travel/tests/api/test_alerts_api.py:80:80: E501 line too long (88 > 79 characters)
buffalogs/impossible_travel/tests/api/test_alerts_api.py:118:80: E501 line too long (82 > 79 characters)
buffalogs/impossible_travel/tests/api/test_alerts_api.py:135:80: E501 line too long (82 > 79 characters)
buffalogs/impossible_travel/tests/api/test_alerts_api.py:152:80: E501 line too long (84 > 79 characters)
buffalogs/impossible_travel/tests/api/test_ingestion_api.py:18:80: E501 line too long (80 > 79 characters)
buffalogs/impossible_travel/tests/api/test_ingestion_api.py:22:80: E501 line too long (80 > 79 characters)
buffalogs/impossible_travel/tests/api/test_ingestion_api.py:76:80: E501 line too long (86 > 79 characters)
buffalogs/impossible_travel/tests/api/test_ingestion_api.py:87:80: E501 line too long (87 > 79 characters)
buffalogs/impossible_travel/tests/detection/test_alert_filter.py:20:80: E501 line too long (105 > 79 characters)
buffalogs/impossible_travel/tests/detection/test_alert_filter.py:21:80: E501 line too long (81 > 79 characters)
buffalogs/impossible_travel/tests/detection/test_alert_filter.py:23:80: E501 line too long (81 > 79 characters)
buffalogs/impossible_travel/tests/detection/test_alert_filter.py:30:80: E501 line too long (103 > 79 characters)
buffalogs/impossible_travel/tests/detection/test_alert_filter.py:36:80: E501 line too long (100 > 79 characters)
buffalogs/impossible_travel/tests/detection/test_alert_filter.py:48:80: E501 line too long (116 > 79 characters)
buffalogs/impossible_travel/tests/detection/test_alert_filter.py:54:80: E501 line too long (146 > 79 characters)
buffalogs/impossible_travel/tests/detection/test_alert_filter.py:80:80: E501 line too long (87 > 79 characters)
buffalogs/impossible_travel/tests/detection/test_alert_filter.py:87:80: E501 line too long (85 > 79 characters)
buffalogs/impossible_travel/tests/detection/test_alert_filter.py:90:80: E501 line too long (83 > 79 characters)
buffalogs/impossible_travel/tests/detection/test_alert_filter.py:95:80: E501 line too long (82 > 79 characters)
buffalogs/impossible_travel/tests/detection/test_alert_filter.py:99:80: E501 line too long (87 > 79 characters)
buffalogs/impossible_travel/tests/detection/test_alert_filter.py:102:80: E501 line too long (88 > 79 characters)
buffalogs/impossible_travel/tests/detection/test_alert_filter.py:106:80: E501 line too long (82 > 79 characters)
buffalogs/impossible_travel/tests/detection/test_alert_filter.py:126:80: E501 line too long (87 > 79 characters)
buffalogs/impossible_travel/tests/detection/test_alert_filter.py:165:80: E501 line too long (80 > 79 characters)
buffalogs/impossible_travel/tests/detection/test_alert_filter.py:171:80: E501 line too long (82 > 79 characters)
buffalogs/impossible_travel/tests/detection/test_alert_filter.py:172:80: E501 line too long (80 > 79 characters)
buffalogs/impossible_travel/tests/detection/test_alert_filter.py:183:80: E501 line too long (87 > 79 characters)
buffalogs/impossible_travel/tests/detection/test_alert_filter.py:184:80: E501 line too long (80 > 79 characters)
buffalogs/impossible_travel/tests/detection/test_alert_filter.py:195:80: E501 line too long (80 > 79 characters)
buffalogs/impossible_travel/tests/detection/test_alert_filter.py:216:80: E501 line too long (117 > 79 characters)
buffalogs/impossible_travel/tests/detection/test_alert_filter.py:367:80: E501 line too long (83 > 79 characters)
buffalogs/impossible_travel/tests/detection/test_alert_filter.py:373:80: E501 line too long (95 > 79 characters)
buffalogs/impossible_travel/tests/detection/test_alert_filter.py:378:80: E501 line too long (86 > 79 characters)
buffalogs/impossible_travel/tests/detection/test_alert_filter.py:416:80: E501 line too long (80 > 79 characters)
buffalogs/impossible_travel/tests/detection/test_alert_filter.py:462:80: E501 line too long (83 > 79 characters)
buffalogs/impossible_travel/tests/detection/test_alert_filter.py:465:80: E501 line too long (80 > 79 characters)
buffalogs/impossible_travel/tests/detection/test_alert_filter.py:477:80: E501 line too long (84 > 79 characters)
buffalogs/impossible_travel/tests/detection/test_alert_filter.py:478:80: E501 line too long (103 > 79 characters)
buffalogs/impossible_travel/tests/detection/test_alert_filter.py:498:80: E501 line too long (84 > 79 characters)
buffalogs/impossible_travel/tests/detection/test_alert_filter.py:523:80: E501 line too long (102 > 79 characters)
buffalogs/impossible_travel/tests/detection/test_alert_filter.py:578:80: E501 line too long (155 > 79 characters)
buffalogs/impossible_travel/tests/detection/test_alert_filter.py:593:80: E501 line too long (80 > 79 characters)
buffalogs/impossible_travel/tests/detection/test_alert_filter.py:597:80: E501 line too long (80 > 79 characters)
buffalogs/impossible_travel/tests/detection/test_alert_filter.py:598:80: E501 line too long (91 > 79 characters)
buffalogs/impossible_travel/tests/detection/test_alert_filter.py:684:80: E501 line too long (84 > 79 characters)
buffalogs/impossible_travel/tests/detection/test_alert_filter.py:695:80: E501 line too long (96 > 79 characters)
buffalogs/impossible_travel/tests/detection/test_detection.py:23:80: E501 line too long (137 > 79 characters)
buffalogs/impossible_travel/tests/detection/test_detection.py:34:80: E501 line too long (147 > 79 characters)
buffalogs/impossible_travel/tests/detection/test_detection.py:45:80: E501 line too long (147 > 79 characters)
buffalogs/impossible_travel/tests/detection/test_detection.py:84:80: E501 line too long (161 > 79 characters)
buffalogs/impossible_travel/tests/detection/test_detection.py:113:80: E501 line too long (161 > 79 characters)
buffalogs/impossible_travel/tests/detection/test_detection.py:120:80: E501 line too long (189 > 79 characters)
buffalogs/impossible_travel/tests/detection/test_detection.py:126:80: E501 line too long (175 > 79 characters)
buffalogs/impossible_travel/tests/detection/test_detection.py:137:80: E501 line too long (120 > 79 characters)
buffalogs/impossible_travel/tests/detection/test_detection.py:163:80: E501 line too long (159 > 79 characters)
buffalogs/impossible_travel/tests/detection/test_detection.py:172:80: E501 line too long (85 > 79 characters)
buffalogs/impossible_travel/tests/detection/test_detection.py:190:80: E501 line too long (130 > 79 characters)
buffalogs/impossible_travel/tests/detection/test_detection.py:193:80: E501 line too long (83 > 79 characters)
buffalogs/impossible_travel/tests/detection/test_detection.py:208:80: E501 line too long (105 > 79 characters)
buffalogs/impossible_travel/tests/detection/test_detection.py:221:80: E501 line too long (130 > 79 characters)
buffalogs/impossible_travel/tests/detection/test_detection.py:228:80: E501 line too long (81 > 79 characters)
buffalogs/impossible_travel/tests/detection/test_detection.py:231:80: E501 line too long (115 > 79 characters)
buffalogs/impossible_travel/tests/detection/test_detection.py:236:80: E501 line too long (98 > 79 characters)
buffalogs/impossible_travel/tests/detection/test_detection.py:252:80: E501 line too long (159 > 79 characters)
buffalogs/impossible_travel/tests/detection/test_detection.py:273:80: E501 line too long (161 > 79 characters)
buffalogs/impossible_travel/tests/detection/test_detection.py:280:80: E501 line too long (125 > 79 characters)
buffalogs/impossible_travel/tests/detection/test_detection.py:282:80: E501 line too long (82 > 79 characters)
buffalogs/impossible_travel/tests/detection/test_detection.py:285:80: E501 line too long (91 > 79 characters)
buffalogs/impossible_travel/tests/detection/test_detection.py:292:80: E501 line too long (80 > 79 characters)
buffalogs/impossible_travel/tests/detection/test_detection.py:297:80: E501 line too long (222 > 79 characters)
buffalogs/impossible_travel/tests/detection/test_detection.py:300:80: E501 line too long (80 > 79 characters)
buffalogs/impossible_travel/tests/detection/test_detection.py:317:80: E501 line too long (82 > 79 characters)
buffalogs/impossible_travel/tests/detection/test_detection.py:319:80: E501 line too long (85 > 79 characters)
buffalogs/impossible_travel/tests/detection/test_detection.py:321:80: E501 line too long (109 > 79 characters)
buffalogs/impossible_travel/tests/detection/test_detection.py:326:80: E501 line too long (225 > 79 characters)
buffalogs/impossible_travel/tests/detection/test_detection.py:329:80: E501 line too long (80 > 79 characters)
buffalogs/impossible_travel/tests/detection/test_detection.py:344:80: E501 line too long (85 > 79 characters)
buffalogs/impossible_travel/tests/detection/test_detection.py:348:80: E501 line too long (82 > 79 characters)
buffalogs/impossible_travel/tests/detection/test_detection.py:350:80: E501 line too long (85 > 79 characters)
buffalogs/impossible_travel/tests/detection/test_detection.py:352:80: E501 line too long (109 > 79 characters)
buffalogs/impossible_travel/tests/detection/test_detection.py:362:80: E501 line too long (165 > 79 characters)
buffalogs/impossible_travel/tests/detection/test_detection.py:372:80: E501 line too long (82 > 79 characters)
buffalogs/impossible_travel/tests/detection/test_detection.py:374:80: E501 line too long (85 > 79 characters)
buffalogs/impossible_travel/tests/detection/test_detection.py:376:80: E501 line too long (109 > 79 characters)
buffalogs/impossible_travel/tests/detection/test_detection.py:397:80: E501 line too long (82 > 79 characters)
buffalogs/impossible_travel/tests/detection/test_detection.py:399:80: E501 line too long (85 > 79 characters)
buffalogs/impossible_travel/tests/detection/test_detection.py:401:80: E501 line too long (109 > 79 characters)
buffalogs/impossible_travel/tests/detection/test_detection.py:405:80: E501 line too long (82 > 79 characters)
buffalogs/impossible_travel/tests/detection/test_detection.py:406:80: E501 line too long (85 > 79 characters)
buffalogs/impossible_travel/tests/detection/test_detection.py:407:80: E501 line too long (90 > 79 characters)
buffalogs/impossible_travel/tests/detection/test_detection.py:409:80: E501 line too long (109 > 79 characters)
buffalogs/impossible_travel/tests/detection/test_detection.py:441:80: E501 line too long (82 > 79 characters)
buffalogs/impossible_travel/tests/detection/test_detection.py:443:80: E501 line too long (85 > 79 characters)
buffalogs/impossible_travel/tests/detection/test_detection.py:445:80: E501 line too long (109 > 79 characters)
buffalogs/impossible_travel/tests/detection/test_detection.py:449:80: E501 line too long (82 > 79 characters)
buffalogs/impossible_travel/tests/detection/test_detection.py:450:80: E501 line too long (85 > 79 characters)
buffalogs/impossible_travel/tests/detection/test_detection.py:452:80: E501 line too long (109 > 79 characters)
buffalogs/impossible_travel/tests/detection/test_detection.py:455:80: E501 line too long (82 > 79 characters)
buffalogs/impossible_travel/tests/detection/test_detection.py:456:80: E501 line too long (82 > 79 characters)
buffalogs/impossible_travel/tests/detection/test_detection.py:457:80: E501 line too long (82 > 79 characters)
buffalogs/impossible_travel/tests/detection/test_detection.py:458:80: E501 line too long (85 > 79 characters)
buffalogs/impossible_travel/tests/detection/test_detection.py:460:80: E501 line too long (108 > 79 characters)
buffalogs/impossible_travel/tests/detection/test_detection.py:465:80: E501 line too long (223 > 79 characters)
buffalogs/impossible_travel/tests/detection/test_detection.py:500:80: E501 line too long (114 > 79 characters)
buffalogs/impossible_travel/tests/detection/test_detection.py:503:80: E501 line too long (86 > 79 characters)
buffalogs/impossible_travel/tests/detection/test_detection.py:505:80: E501 line too long (109 > 79 characters)
buffalogs/impossible_travel/tests/detection/test_detection.py:550:80: E501 line too long (121 > 79 characters)
buffalogs/impossible_travel/tests/detection/test_detection.py:569:80: E501 line too long (87 > 79 characters)
buffalogs/impossible_travel/tests/detection/test_detection.py:575:80: E501 line too long (86 > 79 characters)
buffalogs/impossible_travel/tests/detection/test_detection.py:596:80: E501 line too long (87 > 79 characters)
buffalogs/impossible_travel/tests/detection/test_detection.py:602:80: E501 line too long (86 > 79 characters)
buffalogs/impossible_travel/tests/detection/test_detection.py:605:80: E501 line too long (84 > 79 characters)
buffalogs/impossible_travel/tests/detection/test_detection.py:612:80: E501 line too long (84 > 79 characters)
buffalogs/impossible_travel/tests/detection/test_detection.py:623:80: E501 line too long (86 > 79 characters)
buffalogs/impossible_travel/tests/detection/test_detection.py:655:80: E501 line too long (81 > 79 characters)
buffalogs/impossible_travel/tests/detection/test_detection.py:658:80: E501 line too long (80 > 79 characters)
buffalogs/impossible_travel/tests/detection/test_detection.py:663:80: E501 line too long (87 > 79 characters)
buffalogs/impossible_travel/tests/detection/test_detection.py:667:80: E501 line too long (86 > 79 characters)
buffalogs/impossible_travel/tests/detection/test_detection.py:671:80: E501 line too long (86 > 79 characters)
buffalogs/impossible_travel/tests/detection/test_detection.py:675:80: E501 line too long (86 > 79 characters)
buffalogs/impossible_travel/tests/detection/test_detection.py:687:80: E501 line too long (81 > 79 characters)
buffalogs/impossible_travel/tests/detection/test_detection.py:690:80: E501 line too long (81 > 79 characters)
buffalogs/impossible_travel/tests/detection/test_detection.py:693:80: E501 line too long (137 > 79 characters)
buffalogs/impossible_travel/tests/detection/test_detection.py:694:80: E501 line too long (141 > 79 characters)
buffalogs/impossible_travel/tests/detection/test_detection.py:695:80: E501 line too long (145 > 79 characters)
buffalogs/impossible_travel/tests/detection/test_detection.py:714:80: E501 line too long (96 > 79 characters)
buffalogs/impossible_travel/tests/detection/test_detection.py:722:80: E501 line too long (96 > 79 characters)
buffalogs/impossible_travel/tests/detection/test_detection.py:730:80: E501 line too long (96 > 79 characters)
buffalogs/impossible_travel/tests/detection/test_detection.py:738:80: E501 line too long (100 > 79 characters)
buffalogs/impossible_travel/tests/detection/test_detection.py:746:80: E501 line too long (100 > 79 characters)
buffalogs/impossible_travel/tests/detection/test_detection.py:754:80: E501 line too long (100 > 79 characters)
buffalogs/impossible_travel/tests/detection/test_detection.py:760:80: E501 line too long (87 > 79 characters)
buffalogs/impossible_travel/tests/detection/test_detection.py:768:80: E501 line too long (96 > 79 characters)
buffalogs/impossible_travel/tests/detection/test_detection.py:776:80: E501 line too long (96 > 79 characters)
buffalogs/impossible_travel/tests/detection/test_detection.py:784:80: E501 line too long (96 > 79 characters)
buffalogs/impossible_travel/tests/detection/test_detection.py:790:80: E501 line too long (87 > 79 characters)
buffalogs/impossible_travel/tests/detection/test_detection.py:821:80: E501 line too long (81 > 79 characters)
buffalogs/impossible_travel/tests/detection/test_detection.py:824:80: E501 line too long (81 > 79 characters)
buffalogs/impossible_travel/tests/detection/test_detection.py:838:80: E501 line too long (125 > 79 characters)
buffalogs/impossible_travel/tests/detection/test_detection.py:839:80: E501 line too long (86 > 79 characters)
buffalogs/impossible_travel/tests/detection/test_detection.py:843:80: E501 line too long (86 > 79 characters)
buffalogs/impossible_travel/tests/detection/test_detection.py:844:80: E501 line too long (85 > 79 characters)
buffalogs/impossible_travel/tests/detection/test_detection.py:848:80: E501 line too long (86 > 79 characters)
buffalogs/impossible_travel/tests/detection/test_detection.py:853:80: E501 line too long (83 > 79 characters)
buffalogs/impossible_travel/tests/detection/test_detection.py:857:80: E501 line too long (83 > 79 characters)
buffalogs/impossible_travel/tests/detection/test_detection.py:861:80: E501 line too long (83 > 79 characters)
buffalogs/impossible_travel/tests/detection/test_detection.py:865:80: E501 line too long (83 > 79 characters)
buffalogs/impossible_travel/tests/detection/test_detection.py:869:80: E501 line too long (83 > 79 characters)
buffalogs/impossible_travel/tests/detection/test_detection.py:873:80: E501 line too long (83 > 79 characters)
buffalogs/impossible_travel/tests/detection/test_detection.py:877:80: E501 line too long (83 > 79 characters)
buffalogs/impossible_travel/tests/detection/test_detection.py:881:80: E501 line too long (83 > 79 characters)
buffalogs/impossible_travel/tests/detection/test_detection.py:885:80: E501 line too long (83 > 79 characters)
buffalogs/impossible_travel/tests/detection/test_detection.py:889:80: E501 line too long (83 > 79 characters)
buffalogs/impossible_travel/tests/detection/test_detection.py:930:80: E501 line too long (90 > 79 characters)
buffalogs/impossible_travel/tests/detection/test_detection.py:936:80: E501 line too long (112 > 79 characters)
buffalogs/impossible_travel/tests/detection/test_detection.py:941:80: E501 line too long (104 > 79 characters)
buffalogs/impossible_travel/tests/detection/test_detection.py:947:80: E501 line too long (174 > 79 characters)
buffalogs/impossible_travel/tests/detection/test_detection.py:952:80: E501 line too long (174 > 79 characters)
buffalogs/impossible_travel/tests/detection/test_detection.py:957:80: E501 line too long (173 > 79 characters)
buffalogs/impossible_travel/tests/detection/test_detection.py:965:80: E501 line too long (108 > 79 characters)
buffalogs/impossible_travel/tests/detection/test_detection.py:972:80: E501 line too long (107 > 79 characters)
buffalogs/impossible_travel/tests/detection/test_detection.py:979:80: E501 line too long (108 > 79 characters)
buffalogs/impossible_travel/tests/detection/test_detection.py:983:80: E501 line too long (83 > 79 characters)
buffalogs/impossible_travel/tests/detection/test_detection.py:985:80: E501 line too long (86 > 79 characters)
buffalogs/impossible_travel/tests/detection/test_detection.py:989:80: E501 line too long (88 > 79 characters)
buffalogs/impossible_travel/tests/detection/test_detection.py:1003:80: E501 line too long (114 > 79 characters)
buffalogs/impossible_travel/tests/detection/test_detection.py:1005:80: E501 line too long (117 > 79 characters)
buffalogs/impossible_travel/tests/detection/test_detection.py:1015:80: E501 line too long (114 > 79 characters)
buffalogs/impossible_travel/tests/detection/test_detection.py:1028:80: E501 line too long (90 > 79 characters)
buffalogs/impossible_travel/tests/detection/test_detection.py:1033:80: E501 line too long (90 > 79 characters)
buffalogs/impossible_travel/tests/ingestion/test_base_ingestion.py:2:80: E501 line too long (86 > 79 characters)
buffalogs/impossible_travel/tests/ingestion/test_base_ingestion.py:3:80: E501 line too long (84 > 79 characters)
buffalogs/impossible_travel/tests/ingestion/test_base_ingestion.py:12:80: E501 line too long (98 > 79 characters)
buffalogs/impossible_travel/tests/ingestion/test_base_ingestion.py:30:80: E501 line too long (107 > 79 characters)
buffalogs/impossible_travel/tests/ingestion/test_base_ingestion.py:43:80: E501 line too long (107 > 79 characters)
buffalogs/impossible_travel/tests/ingestion/test_base_ingestion.py:54:80: E501 line too long (98 > 79 characters)
buffalogs/impossible_travel/tests/ingestion/test_base_ingestion.py:72:80: E501 line too long (163 > 79 characters)
buffalogs/impossible_travel/tests/ingestion/test_base_ingestion.py:83:80: E501 line too long (98 > 79 characters)
buffalogs/impossible_travel/tests/ingestion/test_base_ingestion.py:101:80: E501 line too long (163 > 79 characters)
buffalogs/impossible_travel/tests/ingestion/test_base_ingestion.py:114:80: E501 line too long (163 > 79 characters)
buffalogs/impossible_travel/tests/ingestion/test_base_ingestion.py:125:80: E501 line too long (98 > 79 characters)
buffalogs/impossible_travel/tests/ingestion/test_base_ingestion.py:143:80: E501 line too long (163 > 79 characters)
buffalogs/impossible_travel/tests/ingestion/test_base_ingestion.py:156:80: E501 line too long (107 > 79 characters)
buffalogs/impossible_travel/tests/ingestion/test_base_ingestion.py:167:80: E501 line too long (98 > 79 characters)
buffalogs/impossible_travel/tests/ingestion/test_base_ingestion.py:185:80: E501 line too long (107 > 79 characters)
buffalogs/impossible_travel/tests/ingestion/test_elasticsearch_ingestion.py:8:80: E501 line too long (86 > 79 characters)
buffalogs/impossible_travel/tests/ingestion/test_elasticsearch_ingestion.py:22:80: E501 line too long (85 > 79 characters)
buffalogs/impossible_travel/tests/ingestion/test_elasticsearch_ingestion.py:32:80: E501 line too long (82 > 79 characters)
buffalogs/impossible_travel/tests/ingestion/test_elasticsearch_ingestion.py:35:80: E501 line too long (81 > 79 characters)
buffalogs/impossible_travel/tests/ingestion/test_elasticsearch_ingestion.py:38:80: E501 line too long (87 > 79 characters)
buffalogs/impossible_travel/tests/ingestion/test_elasticsearch_ingestion.py:62:80: E501 line too long (83 > 79 characters)
buffalogs/impossible_travel/tests/ingestion/test_elasticsearch_ingestion.py:63:80: E501 line too long (82 > 79 characters)
buffalogs/impossible_travel/tests/ingestion/test_elasticsearch_ingestion.py:93:80: E501 line too long (91 > 79 characters)
buffalogs/impossible_travel/tests/ingestion/test_elasticsearch_ingestion.py:112:80: E501 line too long (120 > 79 characters)
buffalogs/impossible_travel/tests/ingestion/test_elasticsearch_ingestion.py:126:80: E501 line too long (120 > 79 characters)
buffalogs/impossible_travel/tests/ingestion/test_elasticsearch_ingestion.py:141:80: E501 line too long (82 > 79 characters)
buffalogs/impossible_travel/tests/ingestion/test_elasticsearch_ingestion.py:169:80: E501 line too long (97 > 79 characters)
buffalogs/impossible_travel/tests/ingestion/test_elasticsearch_ingestion.py:183:80: E501 line too long (118 > 79 characters)
buffalogs/impossible_travel/tests/ingestion/test_elasticsearch_ingestion.py:212:80: E501 line too long (110 > 79 characters)
buffalogs/impossible_travel/tests/ingestion/test_elasticsearch_ingestion.py:264:80: E501 line too long (109 > 79 characters)
buffalogs/impossible_travel/tests/ingestion/test_ingestion_factory.py:2:80: E501 line too long (86 > 79 characters)
buffalogs/impossible_travel/tests/ingestion/test_ingestion_factory.py:19:80: E501 line too long (85 > 79 characters)
buffalogs/impossible_travel/tests/ingestion/test_ingestion_factory.py:22:80: E501 line too long (84 > 79 characters)
buffalogs/impossible_travel/tests/ingestion/test_ingestion_factory.py:39:80: E501 line too long (85 > 79 characters)
buffalogs/impossible_travel/tests/ingestion/test_opensearch_ingestion.py:5:80: E501 line too long (80 > 79 characters)
buffalogs/impossible_travel/tests/ingestion/test_opensearch_ingestion.py:49:80: E501 line too long (133 > 79 characters)
buffalogs/impossible_travel/tests/ingestion/test_opensearch_ingestion.py:51:80: E501 line too long (85 > 79 characters)
buffalogs/impossible_travel/tests/ingestion/test_opensearch_ingestion.py:62:80: E501 line too long (133 > 79 characters)
buffalogs/impossible_travel/tests/ingestion/test_opensearch_ingestion.py:64:80: E501 line too long (85 > 79 characters)
buffalogs/impossible_travel/tests/ingestion/test_opensearch_ingestion.py:190:80: E501 line too long (81 > 79 characters)
buffalogs/impossible_travel/tests/ingestion/test_opensearch_ingestion.py:210:80: E501 line too long (84 > 79 characters)
buffalogs/impossible_travel/tests/ingestion/test_opensearch_ingestion.py:235:80: E501 line too long (95 > 79 characters)
buffalogs/impossible_travel/tests/ingestion/test_opensearch_ingestion.py:262:80: E501 line too long (83 > 79 characters)
buffalogs/impossible_travel/tests/ingestion/test_opensearch_ingestion.py:298:80: E501 line too long (81 > 79 characters)
buffalogs/impossible_travel/tests/ingestion/test_splunk_ingestion.py:29:80: E501 line too long (121 > 79 characters)
buffalogs/impossible_travel/tests/ingestion/test_splunk_ingestion.py:41:80: E501 line too long (121 > 79 characters)
buffalogs/impossible_travel/tests/ingestion/test_splunk_ingestion.py:78:80: E501 line too long (88 > 79 characters)
buffalogs/impossible_travel/tests/ingestion/test_splunk_ingestion.py:111:80: E501 line too long (88 > 79 characters)
buffalogs/impossible_travel/tests/ingestion/test_splunk_ingestion.py:118:80: E501 line too long (81 > 79 characters)
buffalogs/impossible_travel/tests/ingestion/test_splunk_ingestion.py:133:80: E501 line too long (88 > 79 characters)
buffalogs/impossible_travel/tests/ingestion/test_splunk_ingestion.py:159:80: E501 line too long (125 > 79 characters)
buffalogs/impossible_travel/tests/ingestion/test_splunk_ingestion.py:171:80: E501 line too long (88 > 79 characters)
buffalogs/impossible_travel/tests/ingestion/test_splunk_ingestion.py:191:80: E501 line too long (88 > 79 characters)
buffalogs/impossible_travel/tests/ingestion/test_splunk_ingestion.py:237:80: E501 line too long (83 > 79 characters)
buffalogs/impossible_travel/tests/models/test_migrations.py:24:80: E501 line too long (85 > 79 characters)
buffalogs/impossible_travel/tests/models/test_migrations.py:46:80: E501 line too long (80 > 79 characters)
buffalogs/impossible_travel/tests/models/test_migrations.py:53:80: E501 line too long (159 > 79 characters)
buffalogs/impossible_travel/tests/models/test_migrations.py:60:80: E501 line too long (81 > 79 characters)
buffalogs/impossible_travel/tests/models/test_migrations.py:76:80: E501 line too long (87 > 79 characters)
buffalogs/impossible_travel/tests/models/test_models.py:63:80: E501 line too long (87 > 79 characters)
buffalogs/impossible_travel/tests/models/test_models.py:241:80: E501 line too long (80 > 79 characters)
buffalogs/impossible_travel/tests/models/test_models.py:415:80: E501 line too long (105 > 79 characters)
buffalogs/impossible_travel/tests/models/test_models.py:476:80: E501 line too long (88 > 79 characters)
buffalogs/impossible_travel/tests/models/test_models.py:498:80: E501 line too long (82 > 79 characters)
buffalogs/impossible_travel/tests/models/test_models.py:515:80: E501 line too long (83 > 79 characters)
buffalogs/impossible_travel/tests/models/test_models.py:544:80: E501 line too long (87 > 79 characters)
buffalogs/impossible_travel/tests/serializers/test_serializers.py:20:80: E501 line too long (85 > 79 characters)
buffalogs/impossible_travel/tests/serializers/test_serializers.py:24:80: E501 line too long (81 > 79 characters)
buffalogs/impossible_travel/tests/serializers/test_serializers.py:26:80: E501 line too long (80 > 79 characters)
buffalogs/impossible_travel/tests/serializers/test_serializers.py:28:80: E501 line too long (80 > 79 characters)
buffalogs/impossible_travel/tests/serializers/test_serializers.py:37:80: E501 line too long (86 > 79 characters)
buffalogs/impossible_travel/tests/serializers/test_serializers.py:38:80: E501 line too long (86 > 79 characters)
buffalogs/impossible_travel/tests/serializers/test_serializers.py:39:80: E501 line too long (86 > 79 characters)
buffalogs/impossible_travel/tests/serializers/test_serializers.py:99:80: E501 line too long (86 > 79 characters)
buffalogs/impossible_travel/tests/serializers/test_serializers.py:100:80: E501 line too long (87 > 79 characters)
buffalogs/impossible_travel/tests/serializers/test_serializers.py:145:80: E501 line too long (89 > 79 characters)
buffalogs/impossible_travel/tests/serializers/test_serializers.py:148:80: E501 line too long (84 > 79 characters)
buffalogs/impossible_travel/tests/serializers/test_serializers.py:159:80: E501 line too long (86 > 79 characters)
buffalogs/impossible_travel/tests/serializers/test_serializers.py:178:80: E501 line too long (83 > 79 characters)
buffalogs/impossible_travel/tests/serializers/test_serializers.py:179:80: E501 line too long (83 > 79 characters)
buffalogs/impossible_travel/tests/serializers/test_serializers.py:218:80: E501 line too long (83 > 79 characters)
buffalogs/impossible_travel/tests/serializers/test_serializers.py:251:80: E501 line too long (87 > 79 characters)
buffalogs/impossible_travel/tests/serializers/test_serializers.py:258:80: E501 line too long (81 > 79 characters)
buffalogs/impossible_travel/tests/serializers/test_serializers.py:280:80: E501 line too long (81 > 79 characters)
buffalogs/impossible_travel/tests/task/test_management_commands.py:62:80: E501 line too long (84 > 79 characters)
buffalogs/impossible_travel/tests/task/test_management_commands.py:63:80: E501 line too long (85 > 79 characters)
buffalogs/impossible_travel/tests/task/test_management_commands.py:95:80: E501 line too long (83 > 79 characters)
buffalogs/impossible_travel/tests/task/test_management_commands.py:96:80: E501 line too long (84 > 79 characters)
buffalogs/impossible_travel/tests/task/test_management_commands.py:101:80: E501 line too long (80 > 79 characters)
buffalogs/impossible_travel/tests/task/test_management_commands.py:107:80: E501 line too long (84 > 79 characters)
buffalogs/impossible_travel/tests/task/test_management_commands.py:126:80: E501 line too long (81 > 79 characters)
buffalogs/impossible_travel/tests/task/test_management_commands.py:131:80: E501 line too long (112 > 79 characters)
buffalogs/impossible_travel/tests/task/test_management_commands.py:156:80: E501 line too long (88 > 79 characters)
buffalogs/impossible_travel/tests/task/test_management_commands.py:166:80: E501 line too long (84 > 79 characters)
buffalogs/impossible_travel/tests/task/test_management_commands.py:167:80: E501 line too long (84 > 79 characters)
buffalogs/impossible_travel/tests/task/test_management_commands.py:175:80: E501 line too long (80 > 79 characters)
buffalogs/impossible_travel/tests/task/test_management_commands.py:179:80: E501 line too long (82 > 79 characters)
buffalogs/impossible_travel/tests/task/test_management_commands.py:182:80: E501 line too long (82 > 79 characters)
buffalogs/impossible_travel/tests/task/test_management_commands.py:190:80: E501 line too long (84 > 79 characters)
buffalogs/impossible_travel/tests/task/test_management_commands.py:200:80: E501 line too long (81 > 79 characters)
buffalogs/impossible_travel/tests/task/test_management_commands.py:203:80: E501 line too long (81 > 79 characters)
buffalogs/impossible_travel/tests/task/test_management_commands.py:209:80: E501 line too long (85 > 79 characters)
buffalogs/impossible_travel/tests/task/test_management_commands.py:217:80: E501 line too long (112 > 79 characters)
buffalogs/impossible_travel/tests/task/test_management_commands.py:243:80: E501 line too long (88 > 79 characters)
buffalogs/impossible_travel/tests/task/test_management_commands.py:249:80: E501 line too long (80 > 79 characters)
buffalogs/impossible_travel/tests/task/test_management_commands.py:252:80: E501 line too long (93 > 79 characters)
buffalogs/impossible_travel/tests/task/test_management_commands.py:254:80: E501 line too long (84 > 79 characters)
buffalogs/impossible_travel/tests/task/test_management_commands.py:260:80: E501 line too long (82 > 79 characters)
buffalogs/impossible_travel/tests/task/test_management_commands.py:269:80: E501 line too long (82 > 79 characters)
buffalogs/impossible_travel/tests/task/test_management_commands.py:277:80: E501 line too long (84 > 79 characters)
buffalogs/impossible_travel/tests/task/test_management_commands.py:284:80: E501 line too long (81 > 79 characters)
buffalogs/impossible_travel/tests/task/test_management_commands.py:287:80: E501 line too long (81 > 79 characters)
buffalogs/impossible_travel/tests/task/test_management_commands.py:293:80: E501 line too long (85 > 79 characters)
buffalogs/impossible_travel/tests/task/test_management_commands.py:296:80: E501 line too long (81 > 79 characters)
buffalogs/impossible_travel/tests/task/test_management_commands.py:319:80: E501 line too long (84 > 79 characters)
buffalogs/impossible_travel/tests/task/test_management_commands.py:328:80: E501 line too long (83 > 79 characters)
buffalogs/impossible_travel/tests/task/test_management_commands.py:329:80: E501 line too long (85 > 79 characters)
buffalogs/impossible_travel/tests/task/test_management_commands.py:344:80: E501 line too long (100 > 79 characters)
buffalogs/impossible_travel/tests/task/test_management_commands.py:356:80: E501 line too long (87 > 79 characters)
buffalogs/impossible_travel/tests/task/test_management_commands.py:359:80: E501 line too long (86 > 79 characters)
buffalogs/impossible_travel/tests/task/test_management_commands.py:381:80: E501 line too long (82 > 79 characters)
buffalogs/impossible_travel/tests/task/test_management_commands.py:397:80: E501 line too long (86 > 79 characters)
buffalogs/impossible_travel/tests/task/test_management_commands.py:414:80: E501 line too long (87 > 79 characters)
buffalogs/impossible_travel/tests/task/test_management_commands.py:428:80: E501 line too long (85 > 79 characters)
buffalogs/impossible_travel/tests/task/test_management_commands.py:436:80: E501 line too long (86 > 79 characters)
buffalogs/impossible_travel/tests/task/test_management_commands.py:441:80: E501 line too long (83 > 79 characters)
buffalogs/impossible_travel/tests/task/test_management_commands.py:443:80: E501 line too long (85 > 79 characters)
buffalogs/impossible_travel/tests/task/test_management_commands.py:449:80: E501 line too long (87 > 79 characters)
buffalogs/impossible_travel/tests/task/test_management_commands.py:452:80: E501 line too long (97 > 79 characters)
buffalogs/impossible_travel/tests/task/test_management_commands.py:461:80: E501 line too long (87 > 79 characters)
buffalogs/impossible_travel/tests/task/test_tasks.py:26:80: E501 line too long (147 > 79 characters)
buffalogs/impossible_travel/tests/task/test_tasks.py:35:80: E501 line too long (97 > 79 characters)
buffalogs/impossible_travel/tests/task/test_tasks.py:58:80: E501 line too long (81 > 79 characters)
buffalogs/impossible_travel/tests/task/test_tasks.py:149:80: E501 line too long (81 > 79 characters)
buffalogs/impossible_travel/tests/task/test_tasks.py:168:80: E501 line too long (81 > 79 characters)
buffalogs/impossible_travel/tests/task/test_tasks.py:184:80: E501 line too long (81 > 79 characters)
buffalogs/impossible_travel/tests/task/test_tasks.py:185:80: E501 line too long (88 > 79 characters)
buffalogs/impossible_travel/tests/task/test_tasks.py:193:80: E501 line too long (80 > 79 characters)
buffalogs/impossible_travel/tests/test_task_logging_command.py:5:1: F401 'unittest.mock.MagicMock' imported but unused
buffalogs/impossible_travel/tests/test_task_logging_command.py:10:80: E501 line too long (81 > 79 characters)
buffalogs/impossible_travel/tests/test_task_logging_command.py:19:80: E501 line too long (80 > 79 characters)
buffalogs/impossible_travel/tests/test_task_logging_command.py:36:80: E501 line too long (82 > 79 characters)
buffalogs/impossible_travel/tests/test_task_logging_command.py:39:80: E501 line too long (84 > 79 characters)
buffalogs/impossible_travel/tests/test_task_logging_command.py:44:80: E501 line too long (81 > 79 characters)
buffalogs/impossible_travel/tests/test_task_logging_command.py:55:80: E501 line too long (81 > 79 characters)
buffalogs/impossible_travel/tests/test_utils.py:65:80: E501 line too long (80 > 79 characters)
buffalogs/impossible_travel/tests/test_utils.py:78:80: E501 line too long (94 > 79 characters)
buffalogs/impossible_travel/tests/utils.py:11:80: E501 line too long (80 > 79 characters)
buffalogs/impossible_travel/tests/utils.py:50:80: E501 line too long (84 > 79 characters)
buffalogs/impossible_travel/tests/utils.py:69:80: E501 line too long (87 > 79 characters)
buffalogs/impossible_travel/tests/utils.py:70:80: E501 line too long (129 > 79 characters)
buffalogs/impossible_travel/tests/utils.py:93:80: E501 line too long (88 > 79 characters)
buffalogs/impossible_travel/tests/utils.py:98:80: E501 line too long (85 > 79 characters)
buffalogs/impossible_travel/tests/utils.py:107:80: E501 line too long (84 > 79 characters)
buffalogs/impossible_travel/tests/validators/test_validators.py:25:80: E501 line too long (81 > 79 characters)
buffalogs/impossible_travel/tests/validators/test_validators.py:28:80: E501 line too long (86 > 79 characters)
buffalogs/impossible_travel/tests/validators/test_validators.py:31:80: E501 line too long (81 > 79 characters)
buffalogs/impossible_travel/tests/validators/test_validators.py:35:80: E501 line too long (99 > 79 characters)
buffalogs/impossible_travel/tests/validators/test_validators.py:44:80: E501 line too long (115 > 79 characters)
buffalogs/impossible_travel/tests/validators/test_validators.py:49:80: E501 line too long (83 > 79 characters)
buffalogs/impossible_travel/tests/validators/test_validators.py:54:80: E501 line too long (86 > 79 characters)
buffalogs/impossible_travel/tests/validators/test_validators.py:57:80: E501 line too long (98 > 79 characters)
buffalogs/impossible_travel/tests/validators/test_validators.py:75:80: E501 line too long (81 > 79 characters)
buffalogs/impossible_travel/tests/validators/test_validators.py:80:80: E501 line too long (80 > 79 characters)
buffalogs/impossible_travel/tests/validators/test_validators.py:90:80: E501 line too long (86 > 79 characters)
buffalogs/impossible_travel/tests/validators/test_validators.py:101:80: E501 line too long (89 > 79 characters)
buffalogs/impossible_travel/tests/validators/test_validators.py:124:80: E501 line too long (109 > 79 characters)
buffalogs/impossible_travel/tests/validators/test_validators.py:128:80: E501 line too long (81 > 79 characters)
buffalogs/impossible_travel/tests/validators/test_validators.py:152:80: E501 line too long (82 > 79 characters)
buffalogs/impossible_travel/tests/validators/test_validators.py:155:80: E501 line too long (88 > 79 characters)
buffalogs/impossible_travel/tests/validators/test_validators.py:158:80: E501 line too long (83 > 79 characters)
buffalogs/impossible_travel/tests/validators/test_validators.py:160:80: E501 line too long (87 > 79 characters)
buffalogs/impossible_travel/tests/validators/test_validators.py:181:80: E501 line too long (90 > 79 characters)
buffalogs/impossible_travel/tests/validators/test_validators.py:195:80: E501 line too long (80 > 79 characters)
buffalogs/impossible_travel/tests/validators/test_validators.py:202:80: E501 line too long (119 > 79 characters)
buffalogs/impossible_travel/tests/validators/test_validators.py:218:80: E501 line too long (86 > 79 characters)
buffalogs/impossible_travel/tests/validators/test_validators.py:243:80: E501 line too long (86 > 79 characters)
buffalogs/impossible_travel/tests/validators/test_validators.py:250:80: E501 line too long (86 > 79 characters)
buffalogs/impossible_travel/tests/validators/test_validators.py:305:80: E501 line too long (94 > 79 characters)
buffalogs/impossible_travel/tests/validators/test_validators.py:382:80: E501 line too long (85 > 79 characters)
buffalogs/impossible_travel/tests/validators/test_validators.py:388:80: E501 line too long (85 > 79 characters)
buffalogs/impossible_travel/tests/views/test_view_elasticsearch_ingestion.py:3:1: F401 'os' imported but unused
buffalogs/impossible_travel/tests/views/test_view_elasticsearch_ingestion.py:6:1: F401 'django.conf.settings' imported but unused
buffalogs/impossible_travel/tests/views/test_view_elasticsearch_ingestion.py:10:80: E501 line too long (86 > 79 characters)
buffalogs/impossible_travel/tests/views/test_view_elasticsearch_ingestion.py:28:80: E501 line too long (92 > 79 characters)
buffalogs/impossible_travel/tests/views/test_view_elasticsearch_ingestion.py:58:80: E501 line too long (102 > 79 characters)
buffalogs/impossible_travel/tests/views/test_view_elasticsearch_ingestion.py:92:80: E501 line too long (96 > 79 characters)
buffalogs/impossible_travel/tests/views/test_views.py:16:80: E501 line too long (86 > 79 characters)
buffalogs/impossible_travel/tests/views/test_views.py:36:80: E501 line too long (202 > 79 characters)
buffalogs/impossible_travel/tests/views/test_views.py:47:80: E501 line too long (104 > 79 characters)
buffalogs/impossible_travel/tests/views/test_views.py:58:80: E501 line too long (202 > 79 characters)
buffalogs/impossible_travel/tests/views/test_views.py:69:80: E501 line too long (104 > 79 characters)
buffalogs/impossible_travel/tests/views/test_views.py:84:80: E501 line too long (106 > 79 characters)
buffalogs/impossible_travel/tests/views/test_views.py:99:80: E501 line too long (204 > 79 characters)
buffalogs/impossible_travel/tests/views/test_views.py:114:80: E501 line too long (204 > 79 characters)
buffalogs/impossible_travel/tests/views/test_views.py:129:80: E501 line too long (204 > 79 characters)
buffalogs/impossible_travel/tests/views/test_views.py:144:80: E501 line too long (106 > 79 characters)
buffalogs/impossible_travel/tests/views/test_views.py:159:80: E501 line too long (106 > 79 characters)
buffalogs/impossible_travel/tests/views/test_views.py:174:80: E501 line too long (133 > 79 characters)
buffalogs/impossible_travel/tests/views/test_views.py:177:80: E501 line too long (80 > 79 characters)
buffalogs/impossible_travel/tests/views/test_views.py:188:80: E501 line too long (135 > 79 characters)
buffalogs/impossible_travel/tests/views/test_views.py:191:80: E501 line too long (80 > 79 characters)
buffalogs/impossible_travel/tests/views/test_views.py:196:80: E501 line too long (85 > 79 characters)
buffalogs/impossible_travel/tests/views/test_views.py:198:80: E501 line too long (135 > 79 characters)
buffalogs/impossible_travel/tests/views/test_views.py:201:80: E501 line too long (80 > 79 characters)
buffalogs/impossible_travel/tests/views/test_views.py:206:80: E501 line too long (81 > 79 characters)
buffalogs/impossible_travel/tests/views/test_views.py:208:80: E501 line too long (135 > 79 characters)
buffalogs/impossible_travel/tests/views/test_views.py:211:80: E501 line too long (80 > 79 characters)
buffalogs/impossible_travel/tests/views/test_views.py:222:80: E501 line too long (133 > 79 characters)
buffalogs/impossible_travel/tests/views/test_views.py:228:80: E501 line too long (80 > 79 characters)
buffalogs/impossible_travel/tests/views/test_views.py:232:80: E501 line too long (87 > 79 characters)
buffalogs/impossible_travel/tests/views/test_views.py:249:80: E501 line too long (87 > 79 characters)
buffalogs/impossible_travel/tests/views/test_views.py:269:80: E501 line too long (125 > 79 characters)
buffalogs/impossible_travel/tests/views/test_views.py:285:80: E501 line too long (128 > 79 characters)
buffalogs/impossible_travel/tests/views/test_views.py:288:80: E501 line too long (80 > 79 characters)
buffalogs/impossible_travel/tests/views/test_views.py:295:80: E501 line too long (87 > 79 characters)
buffalogs/impossible_travel/tests/views/test_views.py:325:80: E501 line too long (151 > 79 characters)
buffalogs/impossible_travel/tests/views/test_views.py:380:80: E501 line too long (149 > 79 characters)
buffalogs/impossible_travel/tests/views/test_views.py:412:80: E501 line too long (82 > 79 characters)
buffalogs/impossible_travel/tests/views/test_views.py:426:80: E501 line too long (152 > 79 characters)
buffalogs/impossible_travel/tests/views/test_views.py:433:9: F841 local variable 'login_counts' is assigned to but never used
buffalogs/impossible_travel/tests/views/test_views.py:438:9: F841 local variable 'next_day_key' is assigned to but never used
buffalogs/impossible_travel/tests/views/test_views.py:471:80: E501 line too long (81 > 79 characters)
buffalogs/impossible_travel/tests/views/test_views.py:505:80: E501 line too long (148 > 79 characters)
buffalogs/impossible_travel/tests/views/test_views.py:522:80: E501 line too long (100 > 79 characters)
buffalogs/impossible_travel/tests/views/test_views.py:536:80: E501 line too long (82 > 79 characters)
buffalogs/impossible_travel/tests/views/test_views.py:537:80: E501 line too long (80 > 79 characters)
buffalogs/impossible_travel/tests/views/test_views.py:538:80: E501 line too long (83 > 79 characters)
buffalogs/impossible_travel/tests/views/test_views.py:568:80: E501 line too long (153 > 79 characters)
buffalogs/impossible_travel/tests/views/test_views.py:582:80: E501 line too long (87 > 79 characters)
buffalogs/impossible_travel/tests/views/test_views.py:586:80: E501 line too long (94 > 79 characters)
buffalogs/impossible_travel/tests/views/test_views.py:588:80: E501 line too long (88 > 79 characters)
buffalogs/impossible_travel/tests/views/test_views.py:589:80: E501 line too long (88 > 79 characters)
buffalogs/impossible_travel/tests/views/test_views.py:614:80: E501 line too long (80 > 79 characters)
buffalogs/impossible_travel/tests/views/test_views.py:622:80: E501 line too long (82 > 79 characters)
buffalogs/impossible_travel/utils/utils.py:10:80: E501 line too long (84 > 79 characters)
buffalogs/impossible_travel/utils/utils.py:19:80: E501 line too long (94 > 79 characters)
buffalogs/impossible_travel/utils/utils.py:49:80: E501 line too long (81 > 79 characters)
buffalogs/impossible_travel/utils/utils.py:61:80: E501 line too long (82 > 79 characters)
buffalogs/impossible_travel/validators.py:40:80: E501 line too long (82 > 79 characters)
buffalogs/impossible_travel/validators.py:205:80: E501 line too long (87 > 79 characters)
buffalogs/impossible_travel/views/alerts.py:7:1: F401 'django.utils.dateparse.parse_datetime' imported but unused
buffalogs/impossible_travel/views/alerts.py:49:80: E501 line too long (81 > 79 characters)
buffalogs/impossible_travel/views/alerts.py:89:80: E501 line too long (81 > 79 characters)
buffalogs/impossible_travel/views/alerts.py:106:80: E501 line too long (80 > 79 characters)
buffalogs/impossible_travel/views/alerts.py:123:80: E501 line too long (84 > 79 characters)
buffalogs/impossible_travel/views/alerts.py:133:80: E501 line too long (88 > 79 characters)
buffalogs/impossible_travel/views/alerts.py:139:80: E501 line too long (81 > 79 characters)
buffalogs/impossible_travel/views/alerts.py:150:80: E501 line too long (87 > 79 characters)
buffalogs/impossible_travel/views/alerts.py:157:80: E501 line too long (88 > 79 characters)
buffalogs/impossible_travel/views/alerts.py:163:80: E501 line too long (81 > 79 characters)
buffalogs/impossible_travel/views/alerts.py:177:80: E501 line too long (81 > 79 characters)
buffalogs/impossible_travel/views/charts.py:67:80: E501 line too long (81 > 79 characters)
buffalogs/impossible_travel/views/charts.py:80:80: E501 line too long (81 > 79 characters)
buffalogs/impossible_travel/views/charts.py:156:80: E501 line too long (80 > 79 characters)
buffalogs/impossible_travel/views/charts.py:157:80: E501 line too long (80 > 79 characters)
buffalogs/impossible_travel/views/charts.py:207:80: E501 line too long (85 > 79 characters)
buffalogs/impossible_travel/views/charts.py:210:80: E501 line too long (104 > 79 characters)
buffalogs/impossible_travel/views/charts.py:214:80: E501 line too long (87 > 79 characters)
buffalogs/impossible_travel/views/ingestion.py:18:80: E501 line too long (82 > 79 characters)
buffalogs/impossible_travel/views/ingestion.py:62:80: E501 line too long (81 > 79 characters)
buffalogs/impossible_travel/views/logins.py:21:80: E501 line too long (84 > 79 characters)
buffalogs/impossible_travel/views/users.py:33:80: E501 line too long (82 > 79 characters)
buffalogs/impossible_travel/views/users.py:64:80: E501 line too long (87 > 79 characters)
buffalogs/impossible_travel/views/users.py:65:80: E501 line too long (84 > 79 characters)
buffalogs/impossible_travel/views/users.py:66:80: E501 line too long (83 > 79 characters)
buffalogs/impossible_travel/views/users.py:67:80: E501 line too long (87 > 79 characters)
buffalogs/impossible_travel/views/users.py:108:80: E501 line too long (88 > 79 characters)
buffalogs/impossible_travel/views/users.py:146:80: E501 line too long (80 > 79 characters)
buffalogs/impossible_travel/views/users.py:189:80: E501 line too long (85 > 79 characters)
buffalogs/impossible_travel/views/users.py:233:80: E501 line too long (85 > 79 characters)
buffalogs/impossible_travel/views/users.py:277:80: E501 line too long (85 > 79 characters)
buffalogs/manage.py:9:80: E501 line too long (82 > 79 characters)
